[competition-evaluator] building authenticated candidate image offline
 Network urnetwork-eval-0c383e467396477f9aea0c276d839e5e-baseline-01_evaluation Creating 
 Network urnetwork-eval-0c383e467396477f9aea0c276d839e5e-baseline-01_evaluation Creating 
 Network urnetwork-eval-0c383e467396477f9aea0c276d839e5e-baseline-01_evaluation Created 
 Network urnetwork-eval-0c383e467396477f9aea0c276d839e5e-baseline-01_evaluation Created 
 Container urnetwork-eval-0c383e467396477f9aea0c276d839e5e-baseline-01-redis-1 Creating 
 Container urnetwork-eval-0c383e467396477f9aea0c276d839e5e-baseline-01-postgres-1 Creating 
 Container urnetwork-eval-0c383e467396477f9aea0c276d839e5e-baseline-01-postgres-1 Created 
 Container urnetwork-eval-0c383e467396477f9aea0c276d839e5e-baseline-01-redis-1 Created 
 Container urnetwork-eval-0c383e467396477f9aea0c276d839e5e-baseline-01-postgres-1 Starting 
 Container urnetwork-eval-0c383e467396477f9aea0c276d839e5e-baseline-01-redis-1 Starting 
 Container urnetwork-eval-0c383e467396477f9aea0c276d839e5e-baseline-01-postgres-1 Started 
 Container urnetwork-eval-0c383e467396477f9aea0c276d839e5e-baseline-01-redis-1 Started 
 Container urnetwork-eval-0c383e467396477f9aea0c276d839e5e-baseline-01-redis-1 Waiting 
 Container urnetwork-eval-0c383e467396477f9aea0c276d839e5e-baseline-01-postgres-1 Waiting 
 Container urnetwork-eval-0c383e467396477f9aea0c276d839e5e-baseline-01-postgres-1 Healthy 
 Container urnetwork-eval-0c383e467396477f9aea0c276d839e5e-baseline-01-redis-1 Healthy 
 Container urnetwork-eval-0c383e467396477f9aea0c276d839e5e-baseline-01-migrate-run-e16fcc953ed3 Creating 
 Container urnetwork-eval-0c383e467396477f9aea0c276d839e5e-baseline-01-migrate-run-e16fcc953ed3 Created 
[env]glog not configured from command line. Using default configuration.
I0827 08:11:27.257695       7 env.go:755] [env]try /runtime/config, [settings.yml]
I0827 08:11:27.257855       7 env.go:755] [env]try /runtime/config/local, [settings.yml]
I0827 08:11:27.258232       7 env.go:755] [env]try /runtime/site, [settings.yml]
I0827 08:11:27.258256       7 env.go:68] [env]settings = map[]
I0827 08:11:27.258696       7 env.go:755] [env]try /runtime/vault, [pg.yml]
I0827 08:11:27.258792       7 env.go:755] [env]try /runtime/vault/local, [pg.yml]
I0827 08:11:27.258893       7 env.go:755] [env]try /runtime/vault, [pg_maintenance.yml]
I0827 08:11:27.258935       7 env.go:755] [env]try /runtime/vault/local, [pg_maintenance.yml]
I0827 08:11:27.259005       7 env.go:755] [env]try /runtime/config, [db.yml]
I0827 08:11:27.259041       7 env.go:755] [env]try /runtime/config/local, [db.yml]
I0827 08:11:27.259101       7 env.go:755] [env]try /runtime/config, [db_maintenance.yml]
I0827 08:11:27.259137       7 env.go:755] [env]try /runtime/config/local, [db_maintenance.yml]
I0827 08:11:27.259322       7 env.go:641] [env]/runtime/config/local/db.yml[min_connections] = 4
I0827 08:11:27.259337       7 env.go:641] [env]/runtime/config/local/db.yml[max_connections] = 16
I0827 08:11:27.259349       7 db.go:193] [db]options = map[connect_timeout:30 pool_health_check_period:1s pool_max_conn_idle_time:60m pool_max_conn_lifetime:8h pool_max_conn_lifetime_jitter:15m pool_max_conns:32 pool_min_conns:4 sslmode:disable]
I0827 08:11:27.259551       7 env.go:657] [env]/runtime/vault/local/pg.yml[user] = br***ur
I0827 08:11:27.259593       7 env.go:657] [env]/runtime/vault/local/pg.yml[password] = pi***ur
I0827 08:11:27.259633       7 env.go:690] [env]lookup env var "BRINGYOUR_POSTGRES_HOSTNAME"
I0827 08:11:27.259644       7 env.go:657] [env]/runtime/vault/local/pg.yml[authority] = po***32
I0827 08:11:27.259686       7 env.go:657] [env]/runtime/vault/local/pg.yml[db] = br***ur
I0827 08:11:27.603340       7 env.go:755] [env]try /runtime/vault, [pg.yml]
I0827 08:11:27.603485       7 env.go:755] [env]try /runtime/vault/local, [pg.yml]
I0827 08:11:27.603580       7 env.go:755] [env]try /runtime/config, [db.yml]
I0827 08:11:27.603625       7 env.go:755] [env]try /runtime/config/local, [db.yml]
I0827 08:11:27.603799       7 env.go:641] [env]/runtime/config/local/db.yml[min_connections] = 4
I0827 08:11:27.603813       7 env.go:641] [env]/runtime/config/local/db.yml[max_connections] = 16
I0827 08:11:27.603827       7 db.go:193] [db]options = map[connect_timeout:30 pool_health_check_period:1s pool_max_conn_idle_time:60m pool_max_conn_lifetime:8h pool_max_conn_lifetime_jitter:15m pool_max_conns:32 pool_min_conns:4 sslmode:disable]
I0827 08:11:27.604012       7 env.go:657] [env]/runtime/vault/local/pg.yml[user] = br***ur
I0827 08:11:27.604058       7 env.go:657] [env]/runtime/vault/local/pg.yml[password] = pi***ur
I0827 08:11:27.604108       7 env.go:690] [env]lookup env var "BRINGYOUR_POSTGRES_HOSTNAME"
I0827 08:11:27.604120       7 env.go:657] [env]/runtime/vault/local/pg.yml[authority] = po***32
I0827 08:11:27.604171       7 env.go:657] [env]/runtime/vault/local/pg.yml[db] = br***ur
 Container urnetwork-eval-0c383e467396477f9aea0c276d839e5e-baseline-01-runner-run-2723a7a9492e Creating 
 Container urnetwork-eval-0c383e467396477f9aea0c276d839e5e-baseline-01-runner-run-2723a7a9492e Created 
[official-run] preflight passed: eval=baseline-01-0c383e46 build=5ca3d5242f4a7d40efe4415635608023b05a0956 hardware=sille-macpro6-1-single-host
 Container urnetwork-eval-0c383e467396477f9aea0c276d839e5e-baseline-01-runner-1 Creating 
 Container urnetwork-eval-0c383e467396477f9aea0c276d839e5e-baseline-01-runner-1 Created 
 Container urnetwork-eval-0c383e467396477f9aea0c276d839e5e-baseline-01-runner-1 Starting 
 Container urnetwork-eval-0c383e467396477f9aea0c276d839e5e-baseline-01-runner-1 Started 
[official-run] preflight passed: eval=baseline-01-0c383e46 build=5ca3d5242f4a7d40efe4415635608023b05a0956 hardware=sille-macpro6-1-single-host
[official-run] starting simulator; artifacts=/artifacts/baseline-01-0c383e46
[official-run] simulator complete; the worker must now write immutable accounting.json and resources.json
/artifacts/baseline-01-0c383e46
 Container urnetwork-eval-0c383e467396477f9aea0c276d839e5e-baseline-01-runner-1 Stopping 
 Container urnetwork-eval-0c383e467396477f9aea0c276d839e5e-baseline-01-runner-1 Stopped 
 Container urnetwork-eval-0c383e467396477f9aea0c276d839e5e-baseline-01-runner-1 Removing 
 Container urnetwork-eval-0c383e467396477f9aea0c276d839e5e-baseline-01-runner-1 Removed 
 Container urnetwork-eval-0c383e467396477f9aea0c276d839e5e-baseline-01-postgres-1 Stopping 
 Container urnetwork-eval-0c383e467396477f9aea0c276d839e5e-baseline-01-redis-1 Stopping 
 Container urnetwork-eval-0c383e467396477f9aea0c276d839e5e-baseline-01-redis-1 Stopped 
 Container urnetwork-eval-0c383e467396477f9aea0c276d839e5e-baseline-01-redis-1 Removing 
 Container urnetwork-eval-0c383e467396477f9aea0c276d839e5e-baseline-01-redis-1 Removed 
 Container urnetwork-eval-0c383e467396477f9aea0c276d839e5e-baseline-01-postgres-1 Stopped 
 Container urnetwork-eval-0c383e467396477f9aea0c276d839e5e-baseline-01-postgres-1 Removing 
 Container urnetwork-eval-0c383e467396477f9aea0c276d839e5e-baseline-01-postgres-1 Removed 
 Network urnetwork-eval-0c383e467396477f9aea0c276d839e5e-baseline-01_evaluation Removing 
 Network urnetwork-eval-0c383e467396477f9aea0c276d839e5e-baseline-01_evaluation Removed 
[competition-evaluator] baseline-01 complete
 Network urnetwork-eval-0c383e467396477f9aea0c276d839e5e-candidate-01_evaluation Creating 
 Network urnetwork-eval-0c383e467396477f9aea0c276d839e5e-candidate-01_evaluation Creating 
 Network urnetwork-eval-0c383e467396477f9aea0c276d839e5e-candidate-01_evaluation Created 
 Network urnetwork-eval-0c383e467396477f9aea0c276d839e5e-candidate-01_evaluation Created 
 Container urnetwork-eval-0c383e467396477f9aea0c276d839e5e-candidate-01-redis-1 Creating 
 Container urnetwork-eval-0c383e467396477f9aea0c276d839e5e-candidate-01-postgres-1 Creating 
 Container urnetwork-eval-0c383e467396477f9aea0c276d839e5e-candidate-01-redis-1 Created 
 Container urnetwork-eval-0c383e467396477f9aea0c276d839e5e-candidate-01-postgres-1 Created 
 Container urnetwork-eval-0c383e467396477f9aea0c276d839e5e-candidate-01-redis-1 Starting 
 Container urnetwork-eval-0c383e467396477f9aea0c276d839e5e-candidate-01-postgres-1 Starting 
 Container urnetwork-eval-0c383e467396477f9aea0c276d839e5e-candidate-01-redis-1 Started 
 Container urnetwork-eval-0c383e467396477f9aea0c276d839e5e-candidate-01-postgres-1 Started 
 Container urnetwork-eval-0c383e467396477f9aea0c276d839e5e-candidate-01-redis-1 Waiting 
 Container urnetwork-eval-0c383e467396477f9aea0c276d839e5e-candidate-01-postgres-1 Waiting 
 Container urnetwork-eval-0c383e467396477f9aea0c276d839e5e-candidate-01-postgres-1 Healthy 
 Container urnetwork-eval-0c383e467396477f9aea0c276d839e5e-candidate-01-redis-1 Healthy 
 Container urnetwork-eval-0c383e467396477f9aea0c276d839e5e-candidate-01-migrate-run-f953e1c6bcc5 Creating 
 Container urnetwork-eval-0c383e467396477f9aea0c276d839e5e-candidate-01-migrate-run-f953e1c6bcc5 Created 
[env]glog not configured from command line. Using default configuration.
I0827 08:19:56.404133       7 env.go:755] [env]try /runtime/config, [settings.yml]
I0827 08:19:56.404354       7 env.go:755] [env]try /runtime/config/local, [settings.yml]
I0827 08:19:56.404710       7 env.go:755] [env]try /runtime/site, [settings.yml]
I0827 08:19:56.404733       7 env.go:68] [env]settings = map[]
I0827 08:19:56.405180       7 env.go:755] [env]try /runtime/vault, [pg.yml]
I0827 08:19:56.405259       7 env.go:755] [env]try /runtime/vault/local, [pg.yml]
I0827 08:19:56.405341       7 env.go:755] [env]try /runtime/vault, [pg_maintenance.yml]
I0827 08:19:56.405381       7 env.go:755] [env]try /runtime/vault/local, [pg_maintenance.yml]
I0827 08:19:56.405464       7 env.go:755] [env]try /runtime/config, [db.yml]
I0827 08:19:56.405502       7 env.go:755] [env]try /runtime/config/local, [db.yml]
I0827 08:19:56.405561       7 env.go:755] [env]try /runtime/config, [db_maintenance.yml]
I0827 08:19:56.405595       7 env.go:755] [env]try /runtime/config/local, [db_maintenance.yml]
I0827 08:19:56.405730       7 env.go:641] [env]/runtime/config/local/db.yml[min_connections] = 4
I0827 08:19:56.405744       7 env.go:641] [env]/runtime/config/local/db.yml[max_connections] = 16
I0827 08:19:56.405767       7 db.go:193] [db]options = map[connect_timeout:30 pool_health_check_period:1s pool_max_conn_idle_time:60m pool_max_conn_lifetime:8h pool_max_conn_lifetime_jitter:15m pool_max_conns:32 pool_min_conns:4 sslmode:disable]
I0827 08:19:56.405910       7 env.go:657] [env]/runtime/vault/local/pg.yml[user] = br***ur
I0827 08:19:56.405963       7 env.go:657] [env]/runtime/vault/local/pg.yml[password] = pi***ur
I0827 08:19:56.405999       7 env.go:690] [env]lookup env var "BRINGYOUR_POSTGRES_HOSTNAME"
I0827 08:19:56.406010       7 env.go:657] [env]/runtime/vault/local/pg.yml[authority] = po***32
I0827 08:19:56.406091       7 env.go:657] [env]/runtime/vault/local/pg.yml[db] = br***ur
I0827 08:19:56.739503       7 env.go:755] [env]try /runtime/vault, [pg.yml]
I0827 08:19:56.739627       7 env.go:755] [env]try /runtime/vault/local, [pg.yml]
I0827 08:19:56.739712       7 env.go:755] [env]try /runtime/config, [db.yml]
I0827 08:19:56.739752       7 env.go:755] [env]try /runtime/config/local, [db.yml]
I0827 08:19:56.739929       7 env.go:641] [env]/runtime/config/local/db.yml[min_connections] = 4
I0827 08:19:56.739946       7 env.go:641] [env]/runtime/config/local/db.yml[max_connections] = 16
I0827 08:19:56.739959       7 db.go:193] [db]options = map[connect_timeout:30 pool_health_check_period:1s pool_max_conn_idle_time:60m pool_max_conn_lifetime:8h pool_max_conn_lifetime_jitter:15m pool_max_conns:32 pool_min_conns:4 sslmode:disable]
I0827 08:19:56.740182       7 env.go:657] [env]/runtime/vault/local/pg.yml[user] = br***ur
I0827 08:19:56.740226       7 env.go:657] [env]/runtime/vault/local/pg.yml[password] = pi***ur
I0827 08:19:56.740302       7 env.go:690] [env]lookup env var "BRINGYOUR_POSTGRES_HOSTNAME"
I0827 08:19:56.740316       7 env.go:657] [env]/runtime/vault/local/pg.yml[authority] = po***32
I0827 08:19:56.740348       7 env.go:657] [env]/runtime/vault/local/pg.yml[db] = br***ur
 Container urnetwork-eval-0c383e467396477f9aea0c276d839e5e-candidate-01-runner-run-2bd3e7800e4c Creating 
 Container urnetwork-eval-0c383e467396477f9aea0c276d839e5e-candidate-01-runner-run-2bd3e7800e4c Created 
[official-run] preflight passed: eval=candidate-01-0c383e46 build=1315fd8749929656d7cce26a90cb9c2d3f0d73d9 hardware=sille-macpro6-1-single-host
 Container urnetwork-eval-0c383e467396477f9aea0c276d839e5e-candidate-01-runner-1 Creating 
 Container urnetwork-eval-0c383e467396477f9aea0c276d839e5e-candidate-01-runner-1 Created 
 Container urnetwork-eval-0c383e467396477f9aea0c276d839e5e-candidate-01-runner-1 Starting 
 Container urnetwork-eval-0c383e467396477f9aea0c276d839e5e-candidate-01-runner-1 Started 
[official-run] preflight passed: eval=candidate-01-0c383e46 build=1315fd8749929656d7cce26a90cb9c2d3f0d73d9 hardware=sille-macpro6-1-single-host
[official-run] starting simulator; artifacts=/artifacts/candidate-01-0c383e46
[official-run] simulator complete; the worker must now write immutable accounting.json and resources.json
/artifacts/candidate-01-0c383e46
 Container urnetwork-eval-0c383e467396477f9aea0c276d839e5e-candidate-01-runner-1 Stopping 
 Container urnetwork-eval-0c383e467396477f9aea0c276d839e5e-candidate-01-runner-1 Stopped 
 Container urnetwork-eval-0c383e467396477f9aea0c276d839e5e-candidate-01-runner-1 Removing 
 Container urnetwork-eval-0c383e467396477f9aea0c276d839e5e-candidate-01-runner-1 Removed 
 Container urnetwork-eval-0c383e467396477f9aea0c276d839e5e-candidate-01-redis-1 Stopping 
 Container urnetwork-eval-0c383e467396477f9aea0c276d839e5e-candidate-01-postgres-1 Stopping 
 Container urnetwork-eval-0c383e467396477f9aea0c276d839e5e-candidate-01-redis-1 Stopped 
 Container urnetwork-eval-0c383e467396477f9aea0c276d839e5e-candidate-01-redis-1 Removing 
 Container urnetwork-eval-0c383e467396477f9aea0c276d839e5e-candidate-01-redis-1 Removed 
 Container urnetwork-eval-0c383e467396477f9aea0c276d839e5e-candidate-01-postgres-1 Stopped 
 Container urnetwork-eval-0c383e467396477f9aea0c276d839e5e-candidate-01-postgres-1 Removing 
 Container urnetwork-eval-0c383e467396477f9aea0c276d839e5e-candidate-01-postgres-1 Removed 
 Network urnetwork-eval-0c383e467396477f9aea0c276d839e5e-candidate-01_evaluation Removing 
 Network urnetwork-eval-0c383e467396477f9aea0c276d839e5e-candidate-01_evaluation Removed 
[competition-evaluator] candidate-01 complete
 Container urnetwork-eval-0c383e467396477f9aea0c276d839e5e-baseline-score-scorer-1 Creating 
 Container urnetwork-eval-0c383e467396477f9aea0c276d839e5e-baseline-score-scorer-1 Created 
 Container urnetwork-eval-0c383e467396477f9aea0c276d839e5e-baseline-score-scorer-1 Starting 
 Container urnetwork-eval-0c383e467396477f9aea0c276d839e5e-baseline-score-scorer-1 Started 
[env]glog not configured from command line. Using default configuration.
I0827 08:28:17.553431      16 env.go:755] [env]try /srv/warp/config, [settings.yml]
I0827 08:28:17.553536      16 env.go:755] [env]try /srv/warp/site, [settings.yml]
I0827 08:28:17.553553      16 env.go:68] [env]settings = map[]
[official-run] baseline manifest written: /score-output/baseline.json sha256=e178377f2e4050f9adf0d8f33c7eaff9d610f64325869a2eca8ca21c22189c10
 Container urnetwork-eval-0c383e467396477f9aea0c276d839e5e-baseline-score-scorer-1 Stopping 
 Container urnetwork-eval-0c383e467396477f9aea0c276d839e5e-baseline-score-scorer-1 Stopped 
 Container urnetwork-eval-0c383e467396477f9aea0c276d839e5e-baseline-score-scorer-1 Removing 
 Container urnetwork-eval-0c383e467396477f9aea0c276d839e5e-baseline-score-scorer-1 Removed 
 Container urnetwork-eval-0c383e467396477f9aea0c276d839e5e-candidate-score-scorer-1 Creating 
 Container urnetwork-eval-0c383e467396477f9aea0c276d839e5e-candidate-score-scorer-1 Created 
 Container urnetwork-eval-0c383e467396477f9aea0c276d839e5e-candidate-score-scorer-1 Starting 
 Container urnetwork-eval-0c383e467396477f9aea0c276d839e5e-candidate-score-scorer-1 Started 
[env]glog not configured from command line. Using default configuration.
I0827 08:28:19.375005      19 env.go:755] [env]try /srv/warp/config, [settings.yml]
I0827 08:28:19.375106      19 env.go:755] [env]try /srv/warp/site, [settings.yml]
I0827 08:28:19.375122      19 env.go:68] [env]settings = map[]
[official-run] score written to /score-output/score.json
 Container urnetwork-eval-0c383e467396477f9aea0c276d839e5e-candidate-score-scorer-1 Stopping 
 Container urnetwork-eval-0c383e467396477f9aea0c276d839e5e-candidate-score-scorer-1 Stopped 
 Container urnetwork-eval-0c383e467396477f9aea0c276d839e5e-candidate-score-scorer-1 Removing 
 Container urnetwork-eval-0c383e467396477f9aea0c276d839e5e-candidate-score-scorer-1 Removed 
[competition-evaluator] evaluation complete: job=0c383e46-7396-477f-9aea-0c276d839e5e candidate=1315fd8749929656d7cce26a90cb9c2d3f0d73d9
