[competition-evaluator] building authenticated candidate image offline
 Network urnetwork-eval-b8e62910cc4e4f659fb63d1dbd0cdec2-baseline-01_evaluation Creating 
 Network urnetwork-eval-b8e62910cc4e4f659fb63d1dbd0cdec2-baseline-01_evaluation Creating 
 Network urnetwork-eval-b8e62910cc4e4f659fb63d1dbd0cdec2-baseline-01_evaluation Created 
 Network urnetwork-eval-b8e62910cc4e4f659fb63d1dbd0cdec2-baseline-01_evaluation Created 
 Container urnetwork-eval-b8e62910cc4e4f659fb63d1dbd0cdec2-baseline-01-redis-1 Creating 
 Container urnetwork-eval-b8e62910cc4e4f659fb63d1dbd0cdec2-baseline-01-postgres-1 Creating 
 Container urnetwork-eval-b8e62910cc4e4f659fb63d1dbd0cdec2-baseline-01-postgres-1 Created 
 Container urnetwork-eval-b8e62910cc4e4f659fb63d1dbd0cdec2-baseline-01-redis-1 Created 
 Container urnetwork-eval-b8e62910cc4e4f659fb63d1dbd0cdec2-baseline-01-redis-1 Starting 
 Container urnetwork-eval-b8e62910cc4e4f659fb63d1dbd0cdec2-baseline-01-postgres-1 Starting 
 Container urnetwork-eval-b8e62910cc4e4f659fb63d1dbd0cdec2-baseline-01-redis-1 Started 
 Container urnetwork-eval-b8e62910cc4e4f659fb63d1dbd0cdec2-baseline-01-postgres-1 Started 
 Container urnetwork-eval-b8e62910cc4e4f659fb63d1dbd0cdec2-baseline-01-postgres-1 Waiting 
 Container urnetwork-eval-b8e62910cc4e4f659fb63d1dbd0cdec2-baseline-01-redis-1 Waiting 
 Container urnetwork-eval-b8e62910cc4e4f659fb63d1dbd0cdec2-baseline-01-redis-1 Healthy 
 Container urnetwork-eval-b8e62910cc4e4f659fb63d1dbd0cdec2-baseline-01-postgres-1 Healthy 
 Container urnetwork-eval-b8e62910cc4e4f659fb63d1dbd0cdec2-baseline-01-migrate-run-716b85e6afaa Creating 
 Container urnetwork-eval-b8e62910cc4e4f659fb63d1dbd0cdec2-baseline-01-migrate-run-716b85e6afaa Created 
[env]glog not configured from command line. Using default configuration.
I0827 06:05:16.056522       7 env.go:755] [env]try /runtime/config, [settings.yml]
I0827 06:05:16.056687       7 env.go:755] [env]try /runtime/config/local, [settings.yml]
I0827 06:05:16.057039       7 env.go:755] [env]try /runtime/site, [settings.yml]
I0827 06:05:16.057061       7 env.go:68] [env]settings = map[]
I0827 06:05:16.057420       7 env.go:755] [env]try /runtime/vault, [pg.yml]
I0827 06:05:16.057506       7 env.go:755] [env]try /runtime/vault/local, [pg.yml]
I0827 06:05:16.057602       7 env.go:755] [env]try /runtime/vault, [pg_maintenance.yml]
I0827 06:05:16.057641       7 env.go:755] [env]try /runtime/vault/local, [pg_maintenance.yml]
I0827 06:05:16.057708       7 env.go:755] [env]try /runtime/config, [db.yml]
I0827 06:05:16.057746       7 env.go:755] [env]try /runtime/config/local, [db.yml]
I0827 06:05:16.057808       7 env.go:755] [env]try /runtime/config, [db_maintenance.yml]
I0827 06:05:16.057842       7 env.go:755] [env]try /runtime/config/local, [db_maintenance.yml]
I0827 06:05:16.057983       7 env.go:641] [env]/runtime/config/local/db.yml[min_connections] = 4
I0827 06:05:16.057996       7 env.go:641] [env]/runtime/config/local/db.yml[max_connections] = 16
I0827 06:05:16.058022       7 db.go:193] [db]options = map[connect_timeout:30 pool_health_check_period:1s pool_max_conn_idle_time:60m pool_max_conn_lifetime:8h pool_max_conn_lifetime_jitter:15m pool_max_conns:32 pool_min_conns:4 sslmode:disable]
I0827 06:05:16.058245       7 env.go:657] [env]/runtime/vault/local/pg.yml[user] = br***ur
I0827 06:05:16.058291       7 env.go:657] [env]/runtime/vault/local/pg.yml[password] = pi***ur
I0827 06:05:16.058334       7 env.go:690] [env]lookup env var "BRINGYOUR_POSTGRES_HOSTNAME"
I0827 06:05:16.058346       7 env.go:657] [env]/runtime/vault/local/pg.yml[authority] = po***32
I0827 06:05:16.058382       7 env.go:657] [env]/runtime/vault/local/pg.yml[db] = br***ur
I0827 06:05:16.394852       7 env.go:755] [env]try /runtime/vault, [pg.yml]
I0827 06:05:16.394965       7 env.go:755] [env]try /runtime/vault/local, [pg.yml]
I0827 06:05:16.395045       7 env.go:755] [env]try /runtime/config, [db.yml]
I0827 06:05:16.395085       7 env.go:755] [env]try /runtime/config/local, [db.yml]
I0827 06:05:16.395256       7 env.go:641] [env]/runtime/config/local/db.yml[min_connections] = 4
I0827 06:05:16.395272       7 env.go:641] [env]/runtime/config/local/db.yml[max_connections] = 16
I0827 06:05:16.395285       7 db.go:193] [db]options = map[connect_timeout:30 pool_health_check_period:1s pool_max_conn_idle_time:60m pool_max_conn_lifetime:8h pool_max_conn_lifetime_jitter:15m pool_max_conns:32 pool_min_conns:4 sslmode:disable]
I0827 06:05:16.395459       7 env.go:657] [env]/runtime/vault/local/pg.yml[user] = br***ur
I0827 06:05:16.395506       7 env.go:657] [env]/runtime/vault/local/pg.yml[password] = pi***ur
I0827 06:05:16.395562       7 env.go:690] [env]lookup env var "BRINGYOUR_POSTGRES_HOSTNAME"
I0827 06:05:16.395576       7 env.go:657] [env]/runtime/vault/local/pg.yml[authority] = po***32
I0827 06:05:16.395611       7 env.go:657] [env]/runtime/vault/local/pg.yml[db] = br***ur
 Container urnetwork-eval-b8e62910cc4e4f659fb63d1dbd0cdec2-baseline-01-runner-run-7ebec9b7eb41 Creating 
 Container urnetwork-eval-b8e62910cc4e4f659fb63d1dbd0cdec2-baseline-01-runner-run-7ebec9b7eb41 Created 
[official-run] preflight passed: eval=baseline-01-b8e62910 build=5ca3d5242f4a7d40efe4415635608023b05a0956 hardware=sille-macpro6-1-single-host
 Container urnetwork-eval-b8e62910cc4e4f659fb63d1dbd0cdec2-baseline-01-runner-1 Creating 
 Container urnetwork-eval-b8e62910cc4e4f659fb63d1dbd0cdec2-baseline-01-runner-1 Created 
 Container urnetwork-eval-b8e62910cc4e4f659fb63d1dbd0cdec2-baseline-01-runner-1 Starting 
 Container urnetwork-eval-b8e62910cc4e4f659fb63d1dbd0cdec2-baseline-01-runner-1 Started 
[official-run] preflight passed: eval=baseline-01-b8e62910 build=5ca3d5242f4a7d40efe4415635608023b05a0956 hardware=sille-macpro6-1-single-host
[official-run] starting simulator; artifacts=/artifacts/baseline-01-b8e62910
/artifacts/baseline-01-b8e62910
[official-run] simulator complete; the worker must now write immutable accounting.json and resources.json
 Container urnetwork-eval-b8e62910cc4e4f659fb63d1dbd0cdec2-baseline-01-runner-1 Stopping 
 Container urnetwork-eval-b8e62910cc4e4f659fb63d1dbd0cdec2-baseline-01-runner-1 Stopped 
 Container urnetwork-eval-b8e62910cc4e4f659fb63d1dbd0cdec2-baseline-01-runner-1 Removing 
 Container urnetwork-eval-b8e62910cc4e4f659fb63d1dbd0cdec2-baseline-01-runner-1 Removed 
 Container urnetwork-eval-b8e62910cc4e4f659fb63d1dbd0cdec2-baseline-01-redis-1 Stopping 
 Container urnetwork-eval-b8e62910cc4e4f659fb63d1dbd0cdec2-baseline-01-postgres-1 Stopping 
 Container urnetwork-eval-b8e62910cc4e4f659fb63d1dbd0cdec2-baseline-01-redis-1 Stopped 
 Container urnetwork-eval-b8e62910cc4e4f659fb63d1dbd0cdec2-baseline-01-redis-1 Removing 
 Container urnetwork-eval-b8e62910cc4e4f659fb63d1dbd0cdec2-baseline-01-redis-1 Removed 
 Container urnetwork-eval-b8e62910cc4e4f659fb63d1dbd0cdec2-baseline-01-postgres-1 Stopped 
 Container urnetwork-eval-b8e62910cc4e4f659fb63d1dbd0cdec2-baseline-01-postgres-1 Removing 
 Container urnetwork-eval-b8e62910cc4e4f659fb63d1dbd0cdec2-baseline-01-postgres-1 Removed 
 Network urnetwork-eval-b8e62910cc4e4f659fb63d1dbd0cdec2-baseline-01_evaluation Removing 
 Network urnetwork-eval-b8e62910cc4e4f659fb63d1dbd0cdec2-baseline-01_evaluation Removed 
[competition-evaluator] baseline-01 complete
 Network urnetwork-eval-b8e62910cc4e4f659fb63d1dbd0cdec2-candidate-01_evaluation Creating 
 Network urnetwork-eval-b8e62910cc4e4f659fb63d1dbd0cdec2-candidate-01_evaluation Creating 
 Network urnetwork-eval-b8e62910cc4e4f659fb63d1dbd0cdec2-candidate-01_evaluation Created 
 Network urnetwork-eval-b8e62910cc4e4f659fb63d1dbd0cdec2-candidate-01_evaluation Created 
 Container urnetwork-eval-b8e62910cc4e4f659fb63d1dbd0cdec2-candidate-01-redis-1 Creating 
 Container urnetwork-eval-b8e62910cc4e4f659fb63d1dbd0cdec2-candidate-01-postgres-1 Creating 
 Container urnetwork-eval-b8e62910cc4e4f659fb63d1dbd0cdec2-candidate-01-postgres-1 Created 
 Container urnetwork-eval-b8e62910cc4e4f659fb63d1dbd0cdec2-candidate-01-redis-1 Created 
 Container urnetwork-eval-b8e62910cc4e4f659fb63d1dbd0cdec2-candidate-01-redis-1 Starting 
 Container urnetwork-eval-b8e62910cc4e4f659fb63d1dbd0cdec2-candidate-01-postgres-1 Starting 
 Container urnetwork-eval-b8e62910cc4e4f659fb63d1dbd0cdec2-candidate-01-postgres-1 Started 
 Container urnetwork-eval-b8e62910cc4e4f659fb63d1dbd0cdec2-candidate-01-redis-1 Started 
 Container urnetwork-eval-b8e62910cc4e4f659fb63d1dbd0cdec2-candidate-01-postgres-1 Waiting 
 Container urnetwork-eval-b8e62910cc4e4f659fb63d1dbd0cdec2-candidate-01-redis-1 Waiting 
 Container urnetwork-eval-b8e62910cc4e4f659fb63d1dbd0cdec2-candidate-01-redis-1 Healthy 
 Container urnetwork-eval-b8e62910cc4e4f659fb63d1dbd0cdec2-candidate-01-postgres-1 Healthy 
 Container urnetwork-eval-b8e62910cc4e4f659fb63d1dbd0cdec2-candidate-01-migrate-run-13260d4dd341 Creating 
 Container urnetwork-eval-b8e62910cc4e4f659fb63d1dbd0cdec2-candidate-01-migrate-run-13260d4dd341 Created 
[env]glog not configured from command line. Using default configuration.
I0827 06:13:53.704670       7 env.go:755] [env]try /runtime/config, [settings.yml]
I0827 06:13:53.704813       7 env.go:755] [env]try /runtime/config/local, [settings.yml]
I0827 06:13:53.705171       7 env.go:755] [env]try /runtime/site, [settings.yml]
I0827 06:13:53.705195       7 env.go:68] [env]settings = map[]
I0827 06:13:53.705635       7 env.go:755] [env]try /runtime/vault, [pg.yml]
I0827 06:13:53.705734       7 env.go:755] [env]try /runtime/vault/local, [pg.yml]
I0827 06:13:53.705832       7 env.go:755] [env]try /runtime/vault, [pg_maintenance.yml]
I0827 06:13:53.705871       7 env.go:755] [env]try /runtime/vault/local, [pg_maintenance.yml]
I0827 06:13:53.705938       7 env.go:755] [env]try /runtime/config, [db.yml]
I0827 06:13:53.705974       7 env.go:755] [env]try /runtime/config/local, [db.yml]
I0827 06:13:53.706034       7 env.go:755] [env]try /runtime/config, [db_maintenance.yml]
I0827 06:13:53.706071       7 env.go:755] [env]try /runtime/config/local, [db_maintenance.yml]
I0827 06:13:53.706240       7 env.go:641] [env]/runtime/config/local/db.yml[min_connections] = 4
I0827 06:13:53.706254       7 env.go:641] [env]/runtime/config/local/db.yml[max_connections] = 16
I0827 06:13:53.706267       7 db.go:193] [db]options = map[connect_timeout:30 pool_health_check_period:1s pool_max_conn_idle_time:60m pool_max_conn_lifetime:8h pool_max_conn_lifetime_jitter:15m pool_max_conns:32 pool_min_conns:4 sslmode:disable]
I0827 06:13:53.706443       7 env.go:657] [env]/runtime/vault/local/pg.yml[user] = br***ur
I0827 06:13:53.706488       7 env.go:657] [env]/runtime/vault/local/pg.yml[password] = pi***ur
I0827 06:13:53.706527       7 env.go:690] [env]lookup env var "BRINGYOUR_POSTGRES_HOSTNAME"
I0827 06:13:53.706539       7 env.go:657] [env]/runtime/vault/local/pg.yml[authority] = po***32
I0827 06:13:53.706577       7 env.go:657] [env]/runtime/vault/local/pg.yml[db] = br***ur
I0827 06:13:54.040947       7 env.go:755] [env]try /runtime/vault, [pg.yml]
I0827 06:13:54.041066       7 env.go:755] [env]try /runtime/vault/local, [pg.yml]
I0827 06:13:54.041145       7 env.go:755] [env]try /runtime/config, [db.yml]
I0827 06:13:54.041195       7 env.go:755] [env]try /runtime/config/local, [db.yml]
I0827 06:13:54.041375       7 env.go:641] [env]/runtime/config/local/db.yml[min_connections] = 4
I0827 06:13:54.041390       7 env.go:641] [env]/runtime/config/local/db.yml[max_connections] = 16
I0827 06:13:54.041403       7 db.go:193] [db]options = map[connect_timeout:30 pool_health_check_period:1s pool_max_conn_idle_time:60m pool_max_conn_lifetime:8h pool_max_conn_lifetime_jitter:15m pool_max_conns:32 pool_min_conns:4 sslmode:disable]
I0827 06:13:54.041578       7 env.go:657] [env]/runtime/vault/local/pg.yml[user] = br***ur
I0827 06:13:54.041622       7 env.go:657] [env]/runtime/vault/local/pg.yml[password] = pi***ur
I0827 06:13:54.041666       7 env.go:690] [env]lookup env var "BRINGYOUR_POSTGRES_HOSTNAME"
I0827 06:13:54.041678       7 env.go:657] [env]/runtime/vault/local/pg.yml[authority] = po***32
I0827 06:13:54.041708       7 env.go:657] [env]/runtime/vault/local/pg.yml[db] = br***ur
 Container urnetwork-eval-b8e62910cc4e4f659fb63d1dbd0cdec2-candidate-01-runner-run-f03b460ed075 Creating 
 Container urnetwork-eval-b8e62910cc4e4f659fb63d1dbd0cdec2-candidate-01-runner-run-f03b460ed075 Created 
[official-run] preflight passed: eval=candidate-01-b8e62910 build=1315fd8749929656d7cce26a90cb9c2d3f0d73d9 hardware=sille-macpro6-1-single-host
 Container urnetwork-eval-b8e62910cc4e4f659fb63d1dbd0cdec2-candidate-01-runner-1 Creating 
 Container urnetwork-eval-b8e62910cc4e4f659fb63d1dbd0cdec2-candidate-01-runner-1 Created 
 Container urnetwork-eval-b8e62910cc4e4f659fb63d1dbd0cdec2-candidate-01-runner-1 Starting 
 Container urnetwork-eval-b8e62910cc4e4f659fb63d1dbd0cdec2-candidate-01-runner-1 Started 
[official-run] preflight passed: eval=candidate-01-b8e62910 build=1315fd8749929656d7cce26a90cb9c2d3f0d73d9 hardware=sille-macpro6-1-single-host
[official-run] starting simulator; artifacts=/artifacts/candidate-01-b8e62910
/artifacts/candidate-01-b8e62910
[official-run] simulator complete; the worker must now write immutable accounting.json and resources.json
 Container urnetwork-eval-b8e62910cc4e4f659fb63d1dbd0cdec2-candidate-01-runner-1 Stopping 
 Container urnetwork-eval-b8e62910cc4e4f659fb63d1dbd0cdec2-candidate-01-runner-1 Stopped 
 Container urnetwork-eval-b8e62910cc4e4f659fb63d1dbd0cdec2-candidate-01-runner-1 Removing 
 Container urnetwork-eval-b8e62910cc4e4f659fb63d1dbd0cdec2-candidate-01-runner-1 Removed 
 Container urnetwork-eval-b8e62910cc4e4f659fb63d1dbd0cdec2-candidate-01-redis-1 Stopping 
 Container urnetwork-eval-b8e62910cc4e4f659fb63d1dbd0cdec2-candidate-01-postgres-1 Stopping 
 Container urnetwork-eval-b8e62910cc4e4f659fb63d1dbd0cdec2-candidate-01-redis-1 Stopped 
 Container urnetwork-eval-b8e62910cc4e4f659fb63d1dbd0cdec2-candidate-01-redis-1 Removing 
 Container urnetwork-eval-b8e62910cc4e4f659fb63d1dbd0cdec2-candidate-01-redis-1 Removed 
 Container urnetwork-eval-b8e62910cc4e4f659fb63d1dbd0cdec2-candidate-01-postgres-1 Stopped 
 Container urnetwork-eval-b8e62910cc4e4f659fb63d1dbd0cdec2-candidate-01-postgres-1 Removing 
 Container urnetwork-eval-b8e62910cc4e4f659fb63d1dbd0cdec2-candidate-01-postgres-1 Removed 
 Network urnetwork-eval-b8e62910cc4e4f659fb63d1dbd0cdec2-candidate-01_evaluation Removing 
 Network urnetwork-eval-b8e62910cc4e4f659fb63d1dbd0cdec2-candidate-01_evaluation Removed 
[competition-evaluator] candidate-01 complete
 Container urnetwork-eval-b8e62910cc4e4f659fb63d1dbd0cdec2-baseline-score-scorer-1 Creating 
 Container urnetwork-eval-b8e62910cc4e4f659fb63d1dbd0cdec2-baseline-score-scorer-1 Created 
 Container urnetwork-eval-b8e62910cc4e4f659fb63d1dbd0cdec2-baseline-score-scorer-1 Starting 
 Container urnetwork-eval-b8e62910cc4e4f659fb63d1dbd0cdec2-baseline-score-scorer-1 Started 
[env]glog not configured from command line. Using default configuration.
I0827 06:22:30.441946      16 env.go:755] [env]try /srv/warp/config, [settings.yml]
I0827 06:22:30.442064      16 env.go:755] [env]try /srv/warp/site, [settings.yml]
I0827 06:22:30.442081      16 env.go:68] [env]settings = map[]
[official-run] baseline manifest written: /score-output/baseline.json sha256=42426fa079a5708397208ab840993e859b5af27cd6267bbe0aad31cc10dc9b02
 Container urnetwork-eval-b8e62910cc4e4f659fb63d1dbd0cdec2-baseline-score-scorer-1 Stopping 
 Container urnetwork-eval-b8e62910cc4e4f659fb63d1dbd0cdec2-baseline-score-scorer-1 Stopped 
 Container urnetwork-eval-b8e62910cc4e4f659fb63d1dbd0cdec2-baseline-score-scorer-1 Removing 
 Container urnetwork-eval-b8e62910cc4e4f659fb63d1dbd0cdec2-baseline-score-scorer-1 Removed 
 Container urnetwork-eval-b8e62910cc4e4f659fb63d1dbd0cdec2-candidate-score-scorer-1 Creating 
 Container urnetwork-eval-b8e62910cc4e4f659fb63d1dbd0cdec2-candidate-score-scorer-1 Created 
 Container urnetwork-eval-b8e62910cc4e4f659fb63d1dbd0cdec2-candidate-score-scorer-1 Starting 
 Container urnetwork-eval-b8e62910cc4e4f659fb63d1dbd0cdec2-candidate-score-scorer-1 Started 
[env]glog not configured from command line. Using default configuration.
I0827 06:22:32.259614      19 env.go:755] [env]try /srv/warp/config, [settings.yml]
I0827 06:22:32.259728      19 env.go:755] [env]try /srv/warp/site, [settings.yml]
I0827 06:22:32.259746      19 env.go:68] [env]settings = map[]
[official-run] score written to /score-output/score.json
 Container urnetwork-eval-b8e62910cc4e4f659fb63d1dbd0cdec2-candidate-score-scorer-1 Stopping 
 Container urnetwork-eval-b8e62910cc4e4f659fb63d1dbd0cdec2-candidate-score-scorer-1 Stopped 
 Container urnetwork-eval-b8e62910cc4e4f659fb63d1dbd0cdec2-candidate-score-scorer-1 Removing 
 Container urnetwork-eval-b8e62910cc4e4f659fb63d1dbd0cdec2-candidate-score-scorer-1 Removed 
[competition-evaluator] evaluation complete: job=b8e62910-cc4e-4f65-9fb6-3d1dbd0cdec2 candidate=1315fd8749929656d7cce26a90cb9c2d3f0d73d9
