[competition-evaluator] building authenticated candidate image offline
 Network urnetwork-eval-0e18cf939f6e45208b1d6ce1c622aff9-baseline-01_evaluation Creating 
 Network urnetwork-eval-0e18cf939f6e45208b1d6ce1c622aff9-baseline-01_evaluation Creating 
 Network urnetwork-eval-0e18cf939f6e45208b1d6ce1c622aff9-baseline-01_evaluation Created 
 Network urnetwork-eval-0e18cf939f6e45208b1d6ce1c622aff9-baseline-01_evaluation Created 
 Container urnetwork-eval-0e18cf939f6e45208b1d6ce1c622aff9-baseline-01-redis-1 Creating 
 Container urnetwork-eval-0e18cf939f6e45208b1d6ce1c622aff9-baseline-01-postgres-1 Creating 
 Container urnetwork-eval-0e18cf939f6e45208b1d6ce1c622aff9-baseline-01-postgres-1 Created 
 Container urnetwork-eval-0e18cf939f6e45208b1d6ce1c622aff9-baseline-01-redis-1 Created 
 Container urnetwork-eval-0e18cf939f6e45208b1d6ce1c622aff9-baseline-01-redis-1 Starting 
 Container urnetwork-eval-0e18cf939f6e45208b1d6ce1c622aff9-baseline-01-postgres-1 Starting 
 Container urnetwork-eval-0e18cf939f6e45208b1d6ce1c622aff9-baseline-01-redis-1 Started 
 Container urnetwork-eval-0e18cf939f6e45208b1d6ce1c622aff9-baseline-01-postgres-1 Started 
 Container urnetwork-eval-0e18cf939f6e45208b1d6ce1c622aff9-baseline-01-redis-1 Waiting 
 Container urnetwork-eval-0e18cf939f6e45208b1d6ce1c622aff9-baseline-01-postgres-1 Waiting 
 Container urnetwork-eval-0e18cf939f6e45208b1d6ce1c622aff9-baseline-01-postgres-1 Healthy 
 Container urnetwork-eval-0e18cf939f6e45208b1d6ce1c622aff9-baseline-01-redis-1 Healthy 
 Container urnetwork-eval-0e18cf939f6e45208b1d6ce1c622aff9-baseline-01-migrate-run-0682014b3f94 Creating 
 Container urnetwork-eval-0e18cf939f6e45208b1d6ce1c622aff9-baseline-01-migrate-run-0682014b3f94 Created 
[env]glog not configured from command line. Using default configuration.
I0827 04:14:31.055851       7 env.go:755] [env]try /runtime/config, [settings.yml]
I0827 04:14:31.056013       7 env.go:755] [env]try /runtime/config/local, [settings.yml]
I0827 04:14:31.056386       7 env.go:755] [env]try /runtime/site, [settings.yml]
I0827 04:14:31.056408       7 env.go:68] [env]settings = map[]
I0827 04:14:31.056819       7 env.go:755] [env]try /runtime/vault, [pg.yml]
I0827 04:14:31.056905       7 env.go:755] [env]try /runtime/vault/local, [pg.yml]
I0827 04:14:31.056988       7 env.go:755] [env]try /runtime/vault, [pg_maintenance.yml]
I0827 04:14:31.057027       7 env.go:755] [env]try /runtime/vault/local, [pg_maintenance.yml]
I0827 04:14:31.057097       7 env.go:755] [env]try /runtime/config, [db.yml]
I0827 04:14:31.057133       7 env.go:755] [env]try /runtime/config/local, [db.yml]
I0827 04:14:31.057221       7 env.go:755] [env]try /runtime/config, [db_maintenance.yml]
I0827 04:14:31.057259       7 env.go:755] [env]try /runtime/config/local, [db_maintenance.yml]
I0827 04:14:31.057397       7 env.go:641] [env]/runtime/config/local/db.yml[min_connections] = 4
I0827 04:14:31.057411       7 env.go:641] [env]/runtime/config/local/db.yml[max_connections] = 16
I0827 04:14:31.057435       7 db.go:193] [db]options = map[connect_timeout:30 pool_health_check_period:1s pool_max_conn_idle_time:60m pool_max_conn_lifetime:8h pool_max_conn_lifetime_jitter:15m pool_max_conns:32 pool_min_conns:4 sslmode:disable]
I0827 04:14:31.057597       7 env.go:657] [env]/runtime/vault/local/pg.yml[user] = br***ur
I0827 04:14:31.057652       7 env.go:657] [env]/runtime/vault/local/pg.yml[password] = pi***ur
I0827 04:14:31.057725       7 env.go:690] [env]lookup env var "BRINGYOUR_POSTGRES_HOSTNAME"
I0827 04:14:31.057738       7 env.go:657] [env]/runtime/vault/local/pg.yml[authority] = po***32
I0827 04:14:31.057792       7 env.go:657] [env]/runtime/vault/local/pg.yml[db] = br***ur
I0827 04:14:31.385984       7 env.go:755] [env]try /runtime/vault, [pg.yml]
I0827 04:14:31.386101       7 env.go:755] [env]try /runtime/vault/local, [pg.yml]
I0827 04:14:31.386191       7 env.go:755] [env]try /runtime/config, [db.yml]
I0827 04:14:31.386232       7 env.go:755] [env]try /runtime/config/local, [db.yml]
I0827 04:14:31.386403       7 env.go:641] [env]/runtime/config/local/db.yml[min_connections] = 4
I0827 04:14:31.386419       7 env.go:641] [env]/runtime/config/local/db.yml[max_connections] = 16
I0827 04:14:31.386432       7 db.go:193] [db]options = map[connect_timeout:30 pool_health_check_period:1s pool_max_conn_idle_time:60m pool_max_conn_lifetime:8h pool_max_conn_lifetime_jitter:15m pool_max_conns:32 pool_min_conns:4 sslmode:disable]
I0827 04:14:31.386592       7 env.go:657] [env]/runtime/vault/local/pg.yml[user] = br***ur
I0827 04:14:31.386649       7 env.go:657] [env]/runtime/vault/local/pg.yml[password] = pi***ur
I0827 04:14:31.386699       7 env.go:690] [env]lookup env var "BRINGYOUR_POSTGRES_HOSTNAME"
I0827 04:14:31.386712       7 env.go:657] [env]/runtime/vault/local/pg.yml[authority] = po***32
I0827 04:14:31.386740       7 env.go:657] [env]/runtime/vault/local/pg.yml[db] = br***ur
 Container urnetwork-eval-0e18cf939f6e45208b1d6ce1c622aff9-baseline-01-runner-run-e3ddc4d41cd2 Creating 
 Container urnetwork-eval-0e18cf939f6e45208b1d6ce1c622aff9-baseline-01-runner-run-e3ddc4d41cd2 Created 
[official-run] preflight passed: eval=baseline-01-0e18cf93 build=5ca3d5242f4a7d40efe4415635608023b05a0956 hardware=sille-macpro6-1-single-host
 Container urnetwork-eval-0e18cf939f6e45208b1d6ce1c622aff9-baseline-01-runner-1 Creating 
 Container urnetwork-eval-0e18cf939f6e45208b1d6ce1c622aff9-baseline-01-runner-1 Created 
 Container urnetwork-eval-0e18cf939f6e45208b1d6ce1c622aff9-baseline-01-runner-1 Starting 
 Container urnetwork-eval-0e18cf939f6e45208b1d6ce1c622aff9-baseline-01-runner-1 Started 
[official-run] preflight passed: eval=baseline-01-0e18cf93 build=5ca3d5242f4a7d40efe4415635608023b05a0956 hardware=sille-macpro6-1-single-host
[official-run] starting simulator; artifacts=/artifacts/baseline-01-0e18cf93
[official-run] simulator complete; the worker must now write immutable accounting.json and resources.json
/artifacts/baseline-01-0e18cf93
 Container urnetwork-eval-0e18cf939f6e45208b1d6ce1c622aff9-baseline-01-runner-1 Stopping 
 Container urnetwork-eval-0e18cf939f6e45208b1d6ce1c622aff9-baseline-01-runner-1 Stopped 
 Container urnetwork-eval-0e18cf939f6e45208b1d6ce1c622aff9-baseline-01-runner-1 Removing 
 Container urnetwork-eval-0e18cf939f6e45208b1d6ce1c622aff9-baseline-01-runner-1 Removed 
 Container urnetwork-eval-0e18cf939f6e45208b1d6ce1c622aff9-baseline-01-postgres-1 Stopping 
 Container urnetwork-eval-0e18cf939f6e45208b1d6ce1c622aff9-baseline-01-redis-1 Stopping 
 Container urnetwork-eval-0e18cf939f6e45208b1d6ce1c622aff9-baseline-01-redis-1 Stopped 
 Container urnetwork-eval-0e18cf939f6e45208b1d6ce1c622aff9-baseline-01-redis-1 Removing 
 Container urnetwork-eval-0e18cf939f6e45208b1d6ce1c622aff9-baseline-01-redis-1 Removed 
 Container urnetwork-eval-0e18cf939f6e45208b1d6ce1c622aff9-baseline-01-postgres-1 Stopped 
 Container urnetwork-eval-0e18cf939f6e45208b1d6ce1c622aff9-baseline-01-postgres-1 Removing 
 Container urnetwork-eval-0e18cf939f6e45208b1d6ce1c622aff9-baseline-01-postgres-1 Removed 
 Network urnetwork-eval-0e18cf939f6e45208b1d6ce1c622aff9-baseline-01_evaluation Removing 
 Network urnetwork-eval-0e18cf939f6e45208b1d6ce1c622aff9-baseline-01_evaluation Removed 
[competition-evaluator] baseline-01 complete
 Network urnetwork-eval-0e18cf939f6e45208b1d6ce1c622aff9-candidate-01_evaluation Creating 
 Network urnetwork-eval-0e18cf939f6e45208b1d6ce1c622aff9-candidate-01_evaluation Creating 
 Network urnetwork-eval-0e18cf939f6e45208b1d6ce1c622aff9-candidate-01_evaluation Created 
 Network urnetwork-eval-0e18cf939f6e45208b1d6ce1c622aff9-candidate-01_evaluation Created 
 Container urnetwork-eval-0e18cf939f6e45208b1d6ce1c622aff9-candidate-01-redis-1 Creating 
 Container urnetwork-eval-0e18cf939f6e45208b1d6ce1c622aff9-candidate-01-postgres-1 Creating 
 Container urnetwork-eval-0e18cf939f6e45208b1d6ce1c622aff9-candidate-01-postgres-1 Created 
 Container urnetwork-eval-0e18cf939f6e45208b1d6ce1c622aff9-candidate-01-redis-1 Created 
 Container urnetwork-eval-0e18cf939f6e45208b1d6ce1c622aff9-candidate-01-postgres-1 Starting 
 Container urnetwork-eval-0e18cf939f6e45208b1d6ce1c622aff9-candidate-01-redis-1 Starting 
 Container urnetwork-eval-0e18cf939f6e45208b1d6ce1c622aff9-candidate-01-redis-1 Started 
 Container urnetwork-eval-0e18cf939f6e45208b1d6ce1c622aff9-candidate-01-postgres-1 Started 
 Container urnetwork-eval-0e18cf939f6e45208b1d6ce1c622aff9-candidate-01-postgres-1 Waiting 
 Container urnetwork-eval-0e18cf939f6e45208b1d6ce1c622aff9-candidate-01-redis-1 Waiting 
 Container urnetwork-eval-0e18cf939f6e45208b1d6ce1c622aff9-candidate-01-redis-1 Healthy 
 Container urnetwork-eval-0e18cf939f6e45208b1d6ce1c622aff9-candidate-01-postgres-1 Healthy 
 Container urnetwork-eval-0e18cf939f6e45208b1d6ce1c622aff9-candidate-01-migrate-run-7a15c6f4f1e7 Creating 
 Container urnetwork-eval-0e18cf939f6e45208b1d6ce1c622aff9-candidate-01-migrate-run-7a15c6f4f1e7 Created 
[env]glog not configured from command line. Using default configuration.
I0827 04:23:02.620955       7 env.go:755] [env]try /runtime/config, [settings.yml]
I0827 04:23:02.621114       7 env.go:755] [env]try /runtime/config/local, [settings.yml]
I0827 04:23:02.621481       7 env.go:755] [env]try /runtime/site, [settings.yml]
I0827 04:23:02.621504       7 env.go:68] [env]settings = map[]
I0827 04:23:02.621944       7 env.go:755] [env]try /runtime/vault, [pg.yml]
I0827 04:23:02.622020       7 env.go:755] [env]try /runtime/vault/local, [pg.yml]
I0827 04:23:02.622118       7 env.go:755] [env]try /runtime/vault, [pg_maintenance.yml]
I0827 04:23:02.622166       7 env.go:755] [env]try /runtime/vault/local, [pg_maintenance.yml]
I0827 04:23:02.622238       7 env.go:755] [env]try /runtime/config, [db.yml]
I0827 04:23:02.622273       7 env.go:755] [env]try /runtime/config/local, [db.yml]
I0827 04:23:02.622335       7 env.go:755] [env]try /runtime/config, [db_maintenance.yml]
I0827 04:23:02.622371       7 env.go:755] [env]try /runtime/config/local, [db_maintenance.yml]
I0827 04:23:02.622529       7 env.go:641] [env]/runtime/config/local/db.yml[min_connections] = 4
I0827 04:23:02.622543       7 env.go:641] [env]/runtime/config/local/db.yml[max_connections] = 16
I0827 04:23:02.622556       7 db.go:193] [db]options = map[connect_timeout:30 pool_health_check_period:1s pool_max_conn_idle_time:60m pool_max_conn_lifetime:8h pool_max_conn_lifetime_jitter:15m pool_max_conns:32 pool_min_conns:4 sslmode:disable]
I0827 04:23:02.622730       7 env.go:657] [env]/runtime/vault/local/pg.yml[user] = br***ur
I0827 04:23:02.622773       7 env.go:657] [env]/runtime/vault/local/pg.yml[password] = pi***ur
I0827 04:23:02.622813       7 env.go:690] [env]lookup env var "BRINGYOUR_POSTGRES_HOSTNAME"
I0827 04:23:02.622825       7 env.go:657] [env]/runtime/vault/local/pg.yml[authority] = po***32
I0827 04:23:02.622897       7 env.go:657] [env]/runtime/vault/local/pg.yml[db] = br***ur
I0827 04:23:02.953019       7 env.go:755] [env]try /runtime/vault, [pg.yml]
I0827 04:23:02.953144       7 env.go:755] [env]try /runtime/vault/local, [pg.yml]
I0827 04:23:02.953233       7 env.go:755] [env]try /runtime/config, [db.yml]
I0827 04:23:02.953274       7 env.go:755] [env]try /runtime/config/local, [db.yml]
I0827 04:23:02.953455       7 env.go:641] [env]/runtime/config/local/db.yml[min_connections] = 4
I0827 04:23:02.953471       7 env.go:641] [env]/runtime/config/local/db.yml[max_connections] = 16
I0827 04:23:02.953484       7 db.go:193] [db]options = map[connect_timeout:30 pool_health_check_period:1s pool_max_conn_idle_time:60m pool_max_conn_lifetime:8h pool_max_conn_lifetime_jitter:15m pool_max_conns:32 pool_min_conns:4 sslmode:disable]
I0827 04:23:02.953650       7 env.go:657] [env]/runtime/vault/local/pg.yml[user] = br***ur
I0827 04:23:02.953694       7 env.go:657] [env]/runtime/vault/local/pg.yml[password] = pi***ur
I0827 04:23:02.953762       7 env.go:690] [env]lookup env var "BRINGYOUR_POSTGRES_HOSTNAME"
I0827 04:23:02.953776       7 env.go:657] [env]/runtime/vault/local/pg.yml[authority] = po***32
I0827 04:23:02.953808       7 env.go:657] [env]/runtime/vault/local/pg.yml[db] = br***ur
 Container urnetwork-eval-0e18cf939f6e45208b1d6ce1c622aff9-candidate-01-runner-run-7e65ca10e65b Creating 
 Container urnetwork-eval-0e18cf939f6e45208b1d6ce1c622aff9-candidate-01-runner-run-7e65ca10e65b Created 
[official-run] preflight passed: eval=candidate-01-0e18cf93 build=1315fd8749929656d7cce26a90cb9c2d3f0d73d9 hardware=sille-macpro6-1-single-host
 Container urnetwork-eval-0e18cf939f6e45208b1d6ce1c622aff9-candidate-01-runner-1 Creating 
 Container urnetwork-eval-0e18cf939f6e45208b1d6ce1c622aff9-candidate-01-runner-1 Created 
 Container urnetwork-eval-0e18cf939f6e45208b1d6ce1c622aff9-candidate-01-runner-1 Starting 
 Container urnetwork-eval-0e18cf939f6e45208b1d6ce1c622aff9-candidate-01-runner-1 Started 
[official-run] preflight passed: eval=candidate-01-0e18cf93 build=1315fd8749929656d7cce26a90cb9c2d3f0d73d9 hardware=sille-macpro6-1-single-host
[official-run] starting simulator; artifacts=/artifacts/candidate-01-0e18cf93
[official-run] simulator complete; the worker must now write immutable accounting.json and resources.json
/artifacts/candidate-01-0e18cf93
 Container urnetwork-eval-0e18cf939f6e45208b1d6ce1c622aff9-candidate-01-runner-1 Stopping 
 Container urnetwork-eval-0e18cf939f6e45208b1d6ce1c622aff9-candidate-01-runner-1 Stopped 
 Container urnetwork-eval-0e18cf939f6e45208b1d6ce1c622aff9-candidate-01-runner-1 Removing 
 Container urnetwork-eval-0e18cf939f6e45208b1d6ce1c622aff9-candidate-01-runner-1 Removed 
 Container urnetwork-eval-0e18cf939f6e45208b1d6ce1c622aff9-candidate-01-postgres-1 Stopping 
 Container urnetwork-eval-0e18cf939f6e45208b1d6ce1c622aff9-candidate-01-redis-1 Stopping 
 Container urnetwork-eval-0e18cf939f6e45208b1d6ce1c622aff9-candidate-01-redis-1 Stopped 
 Container urnetwork-eval-0e18cf939f6e45208b1d6ce1c622aff9-candidate-01-redis-1 Removing 
 Container urnetwork-eval-0e18cf939f6e45208b1d6ce1c622aff9-candidate-01-redis-1 Removed 
 Container urnetwork-eval-0e18cf939f6e45208b1d6ce1c622aff9-candidate-01-postgres-1 Stopped 
 Container urnetwork-eval-0e18cf939f6e45208b1d6ce1c622aff9-candidate-01-postgres-1 Removing 
 Container urnetwork-eval-0e18cf939f6e45208b1d6ce1c622aff9-candidate-01-postgres-1 Removed 
 Network urnetwork-eval-0e18cf939f6e45208b1d6ce1c622aff9-candidate-01_evaluation Removing 
 Network urnetwork-eval-0e18cf939f6e45208b1d6ce1c622aff9-candidate-01_evaluation Removed 
[competition-evaluator] candidate-01 complete
 Container urnetwork-eval-0e18cf939f6e45208b1d6ce1c622aff9-baseline-score-scorer-1 Creating 
 Container urnetwork-eval-0e18cf939f6e45208b1d6ce1c622aff9-baseline-score-scorer-1 Created 
 Container urnetwork-eval-0e18cf939f6e45208b1d6ce1c622aff9-baseline-score-scorer-1 Starting 
 Container urnetwork-eval-0e18cf939f6e45208b1d6ce1c622aff9-baseline-score-scorer-1 Started 
[env]glog not configured from command line. Using default configuration.
I0827 04:31:26.633110      16 env.go:755] [env]try /srv/warp/config, [settings.yml]
I0827 04:31:26.633220      16 env.go:755] [env]try /srv/warp/site, [settings.yml]
I0827 04:31:26.633238      16 env.go:68] [env]settings = map[]
[official-run] baseline manifest written: /score-output/baseline.json sha256=413776e3da85d5e36fa18e4f971e971d596e5b52b0dd2baa9206a12f214e255a
 Container urnetwork-eval-0e18cf939f6e45208b1d6ce1c622aff9-baseline-score-scorer-1 Stopping 
 Container urnetwork-eval-0e18cf939f6e45208b1d6ce1c622aff9-baseline-score-scorer-1 Stopped 
 Container urnetwork-eval-0e18cf939f6e45208b1d6ce1c622aff9-baseline-score-scorer-1 Removing 
 Container urnetwork-eval-0e18cf939f6e45208b1d6ce1c622aff9-baseline-score-scorer-1 Removed 
 Container urnetwork-eval-0e18cf939f6e45208b1d6ce1c622aff9-candidate-score-scorer-1 Creating 
 Container urnetwork-eval-0e18cf939f6e45208b1d6ce1c622aff9-candidate-score-scorer-1 Created 
 Container urnetwork-eval-0e18cf939f6e45208b1d6ce1c622aff9-candidate-score-scorer-1 Starting 
 Container urnetwork-eval-0e18cf939f6e45208b1d6ce1c622aff9-candidate-score-scorer-1 Started 
[env]glog not configured from command line. Using default configuration.
I0827 04:31:28.448971      19 env.go:755] [env]try /srv/warp/config, [settings.yml]
I0827 04:31:28.449076      19 env.go:755] [env]try /srv/warp/site, [settings.yml]
I0827 04:31:28.449093      19 env.go:68] [env]settings = map[]
[official-run] score written to /score-output/score.json
 Container urnetwork-eval-0e18cf939f6e45208b1d6ce1c622aff9-candidate-score-scorer-1 Stopping 
 Container urnetwork-eval-0e18cf939f6e45208b1d6ce1c622aff9-candidate-score-scorer-1 Stopped 
 Container urnetwork-eval-0e18cf939f6e45208b1d6ce1c622aff9-candidate-score-scorer-1 Removing 
 Container urnetwork-eval-0e18cf939f6e45208b1d6ce1c622aff9-candidate-score-scorer-1 Removed 
[competition-evaluator] evaluation complete: job=0e18cf93-9f6e-4520-8b1d-6ce1c622aff9 candidate=1315fd8749929656d7cce26a90cb9c2d3f0d73d9
