[competition-evaluator] building authenticated candidate image offline
 Network urnetwork-eval-6880c6972b8a46a9b2b821d0efc0842b-baseline-01_evaluation Creating 
 Network urnetwork-eval-6880c6972b8a46a9b2b821d0efc0842b-baseline-01_evaluation Creating 
 Network urnetwork-eval-6880c6972b8a46a9b2b821d0efc0842b-baseline-01_evaluation Created 
 Network urnetwork-eval-6880c6972b8a46a9b2b821d0efc0842b-baseline-01_evaluation Created 
 Container urnetwork-eval-6880c6972b8a46a9b2b821d0efc0842b-baseline-01-redis-1 Creating 
 Container urnetwork-eval-6880c6972b8a46a9b2b821d0efc0842b-baseline-01-postgres-1 Creating 
 Container urnetwork-eval-6880c6972b8a46a9b2b821d0efc0842b-baseline-01-postgres-1 Created 
 Container urnetwork-eval-6880c6972b8a46a9b2b821d0efc0842b-baseline-01-redis-1 Created 
 Container urnetwork-eval-6880c6972b8a46a9b2b821d0efc0842b-baseline-01-redis-1 Starting 
 Container urnetwork-eval-6880c6972b8a46a9b2b821d0efc0842b-baseline-01-postgres-1 Starting 
 Container urnetwork-eval-6880c6972b8a46a9b2b821d0efc0842b-baseline-01-postgres-1 Started 
 Container urnetwork-eval-6880c6972b8a46a9b2b821d0efc0842b-baseline-01-redis-1 Started 
 Container urnetwork-eval-6880c6972b8a46a9b2b821d0efc0842b-baseline-01-postgres-1 Waiting 
 Container urnetwork-eval-6880c6972b8a46a9b2b821d0efc0842b-baseline-01-redis-1 Waiting 
 Container urnetwork-eval-6880c6972b8a46a9b2b821d0efc0842b-baseline-01-postgres-1 Healthy 
 Container urnetwork-eval-6880c6972b8a46a9b2b821d0efc0842b-baseline-01-redis-1 Healthy 
 Container urnetwork-eval-6880c6972b8a46a9b2b821d0efc0842b-baseline-01-migrate-run-9ef5b3b17e3b Creating 
 Container urnetwork-eval-6880c6972b8a46a9b2b821d0efc0842b-baseline-01-migrate-run-9ef5b3b17e3b Created 
[env]glog not configured from command line. Using default configuration.
I0827 03:38:56.059808       7 env.go:755] [env]try /runtime/config, [settings.yml]
I0827 03:38:56.059990       7 env.go:755] [env]try /runtime/config/local, [settings.yml]
I0827 03:38:56.060367       7 env.go:755] [env]try /runtime/site, [settings.yml]
I0827 03:38:56.060391       7 env.go:68] [env]settings = map[]
I0827 03:38:56.060752       7 env.go:755] [env]try /runtime/vault, [pg.yml]
I0827 03:38:56.060829       7 env.go:755] [env]try /runtime/vault/local, [pg.yml]
I0827 03:38:56.060925       7 env.go:755] [env]try /runtime/vault, [pg_maintenance.yml]
I0827 03:38:56.060963       7 env.go:755] [env]try /runtime/vault/local, [pg_maintenance.yml]
I0827 03:38:56.061030       7 env.go:755] [env]try /runtime/config, [db.yml]
I0827 03:38:56.061065       7 env.go:755] [env]try /runtime/config/local, [db.yml]
I0827 03:38:56.061123       7 env.go:755] [env]try /runtime/config, [db_maintenance.yml]
I0827 03:38:56.061166       7 env.go:755] [env]try /runtime/config/local, [db_maintenance.yml]
I0827 03:38:56.061366       7 env.go:641] [env]/runtime/config/local/db.yml[min_connections] = 4
I0827 03:38:56.061381       7 env.go:641] [env]/runtime/config/local/db.yml[max_connections] = 16
I0827 03:38:56.061394       7 db.go:193] [db]options = map[connect_timeout:30 pool_health_check_period:1s pool_max_conn_idle_time:60m pool_max_conn_lifetime:8h pool_max_conn_lifetime_jitter:15m pool_max_conns:32 pool_min_conns:4 sslmode:disable]
I0827 03:38:56.061551       7 env.go:657] [env]/runtime/vault/local/pg.yml[user] = br***ur
I0827 03:38:56.061593       7 env.go:657] [env]/runtime/vault/local/pg.yml[password] = pi***ur
I0827 03:38:56.061631       7 env.go:690] [env]lookup env var "BRINGYOUR_POSTGRES_HOSTNAME"
I0827 03:38:56.061642       7 env.go:657] [env]/runtime/vault/local/pg.yml[authority] = po***32
I0827 03:38:56.061677       7 env.go:657] [env]/runtime/vault/local/pg.yml[db] = br***ur
I0827 03:38:56.398069       7 env.go:755] [env]try /runtime/vault, [pg.yml]
I0827 03:38:56.398204       7 env.go:755] [env]try /runtime/vault/local, [pg.yml]
I0827 03:38:56.398295       7 env.go:755] [env]try /runtime/config, [db.yml]
I0827 03:38:56.398337       7 env.go:755] [env]try /runtime/config/local, [db.yml]
I0827 03:38:56.398498       7 env.go:641] [env]/runtime/config/local/db.yml[min_connections] = 4
I0827 03:38:56.398514       7 env.go:641] [env]/runtime/config/local/db.yml[max_connections] = 16
I0827 03:38:56.398527       7 db.go:193] [db]options = map[connect_timeout:30 pool_health_check_period:1s pool_max_conn_idle_time:60m pool_max_conn_lifetime:8h pool_max_conn_lifetime_jitter:15m pool_max_conns:32 pool_min_conns:4 sslmode:disable]
I0827 03:38:56.398691       7 env.go:657] [env]/runtime/vault/local/pg.yml[user] = br***ur
I0827 03:38:56.398735       7 env.go:657] [env]/runtime/vault/local/pg.yml[password] = pi***ur
I0827 03:38:56.398791       7 env.go:690] [env]lookup env var "BRINGYOUR_POSTGRES_HOSTNAME"
I0827 03:38:56.398806       7 env.go:657] [env]/runtime/vault/local/pg.yml[authority] = po***32
I0827 03:38:56.398839       7 env.go:657] [env]/runtime/vault/local/pg.yml[db] = br***ur
 Container urnetwork-eval-6880c6972b8a46a9b2b821d0efc0842b-baseline-01-runner-run-4252012d379b Creating 
 Container urnetwork-eval-6880c6972b8a46a9b2b821d0efc0842b-baseline-01-runner-run-4252012d379b Created 
[official-run] preflight passed: eval=baseline-01-6880c697 build=5ca3d5242f4a7d40efe4415635608023b05a0956 hardware=sille-macpro6-1-single-host
 Container urnetwork-eval-6880c6972b8a46a9b2b821d0efc0842b-baseline-01-runner-1 Creating 
 Container urnetwork-eval-6880c6972b8a46a9b2b821d0efc0842b-baseline-01-runner-1 Created 
 Container urnetwork-eval-6880c6972b8a46a9b2b821d0efc0842b-baseline-01-runner-1 Starting 
 Container urnetwork-eval-6880c6972b8a46a9b2b821d0efc0842b-baseline-01-runner-1 Started 
[official-run] preflight passed: eval=baseline-01-6880c697 build=5ca3d5242f4a7d40efe4415635608023b05a0956 hardware=sille-macpro6-1-single-host
[official-run] starting simulator; artifacts=/artifacts/baseline-01-6880c697
/artifacts/baseline-01-6880c697
[official-run] simulator complete; the worker must now write immutable accounting.json and resources.json
 Container urnetwork-eval-6880c6972b8a46a9b2b821d0efc0842b-baseline-01-runner-1 Stopping 
 Container urnetwork-eval-6880c6972b8a46a9b2b821d0efc0842b-baseline-01-runner-1 Stopped 
 Container urnetwork-eval-6880c6972b8a46a9b2b821d0efc0842b-baseline-01-runner-1 Removing 
 Container urnetwork-eval-6880c6972b8a46a9b2b821d0efc0842b-baseline-01-runner-1 Removed 
 Container urnetwork-eval-6880c6972b8a46a9b2b821d0efc0842b-baseline-01-redis-1 Stopping 
 Container urnetwork-eval-6880c6972b8a46a9b2b821d0efc0842b-baseline-01-postgres-1 Stopping 
 Container urnetwork-eval-6880c6972b8a46a9b2b821d0efc0842b-baseline-01-redis-1 Stopped 
 Container urnetwork-eval-6880c6972b8a46a9b2b821d0efc0842b-baseline-01-redis-1 Removing 
 Container urnetwork-eval-6880c6972b8a46a9b2b821d0efc0842b-baseline-01-redis-1 Removed 
 Container urnetwork-eval-6880c6972b8a46a9b2b821d0efc0842b-baseline-01-postgres-1 Stopped 
 Container urnetwork-eval-6880c6972b8a46a9b2b821d0efc0842b-baseline-01-postgres-1 Removing 
 Container urnetwork-eval-6880c6972b8a46a9b2b821d0efc0842b-baseline-01-postgres-1 Removed 
 Network urnetwork-eval-6880c6972b8a46a9b2b821d0efc0842b-baseline-01_evaluation Removing 
 Network urnetwork-eval-6880c6972b8a46a9b2b821d0efc0842b-baseline-01_evaluation Removed 
[competition-evaluator] baseline-01 complete
 Network urnetwork-eval-6880c6972b8a46a9b2b821d0efc0842b-candidate-01_evaluation Creating 
 Network urnetwork-eval-6880c6972b8a46a9b2b821d0efc0842b-candidate-01_evaluation Creating 
 Network urnetwork-eval-6880c6972b8a46a9b2b821d0efc0842b-candidate-01_evaluation Created 
 Network urnetwork-eval-6880c6972b8a46a9b2b821d0efc0842b-candidate-01_evaluation Created 
 Container urnetwork-eval-6880c6972b8a46a9b2b821d0efc0842b-candidate-01-redis-1 Creating 
 Container urnetwork-eval-6880c6972b8a46a9b2b821d0efc0842b-candidate-01-postgres-1 Creating 
 Container urnetwork-eval-6880c6972b8a46a9b2b821d0efc0842b-candidate-01-redis-1 Created 
 Container urnetwork-eval-6880c6972b8a46a9b2b821d0efc0842b-candidate-01-postgres-1 Created 
 Container urnetwork-eval-6880c6972b8a46a9b2b821d0efc0842b-candidate-01-redis-1 Starting 
 Container urnetwork-eval-6880c6972b8a46a9b2b821d0efc0842b-candidate-01-postgres-1 Starting 
 Container urnetwork-eval-6880c6972b8a46a9b2b821d0efc0842b-candidate-01-redis-1 Started 
 Container urnetwork-eval-6880c6972b8a46a9b2b821d0efc0842b-candidate-01-postgres-1 Started 
 Container urnetwork-eval-6880c6972b8a46a9b2b821d0efc0842b-candidate-01-redis-1 Waiting 
 Container urnetwork-eval-6880c6972b8a46a9b2b821d0efc0842b-candidate-01-postgres-1 Waiting 
 Container urnetwork-eval-6880c6972b8a46a9b2b821d0efc0842b-candidate-01-postgres-1 Healthy 
 Container urnetwork-eval-6880c6972b8a46a9b2b821d0efc0842b-candidate-01-redis-1 Healthy 
 Container urnetwork-eval-6880c6972b8a46a9b2b821d0efc0842b-candidate-01-migrate-run-75ae4ea72027 Creating 
 Container urnetwork-eval-6880c6972b8a46a9b2b821d0efc0842b-candidate-01-migrate-run-75ae4ea72027 Created 
[env]glog not configured from command line. Using default configuration.
I0827 03:47:17.778735       7 env.go:755] [env]try /runtime/config, [settings.yml]
I0827 03:47:17.778909       7 env.go:755] [env]try /runtime/config/local, [settings.yml]
I0827 03:47:17.779293       7 env.go:755] [env]try /runtime/site, [settings.yml]
I0827 03:47:17.779318       7 env.go:68] [env]settings = map[]
I0827 03:47:17.779712       7 env.go:755] [env]try /runtime/vault, [pg.yml]
I0827 03:47:17.779788       7 env.go:755] [env]try /runtime/vault/local, [pg.yml]
I0827 03:47:17.779886       7 env.go:755] [env]try /runtime/vault, [pg_maintenance.yml]
I0827 03:47:17.779925       7 env.go:755] [env]try /runtime/vault/local, [pg_maintenance.yml]
I0827 03:47:17.779993       7 env.go:755] [env]try /runtime/config, [db.yml]
I0827 03:47:17.780028       7 env.go:755] [env]try /runtime/config/local, [db.yml]
I0827 03:47:17.780086       7 env.go:755] [env]try /runtime/config, [db_maintenance.yml]
I0827 03:47:17.780120       7 env.go:755] [env]try /runtime/config/local, [db_maintenance.yml]
I0827 03:47:17.780305       7 env.go:641] [env]/runtime/config/local/db.yml[min_connections] = 4
I0827 03:47:17.780320       7 env.go:641] [env]/runtime/config/local/db.yml[max_connections] = 16
I0827 03:47:17.780334       7 db.go:193] [db]options = map[connect_timeout:30 pool_health_check_period:1s pool_max_conn_idle_time:60m pool_max_conn_lifetime:8h pool_max_conn_lifetime_jitter:15m pool_max_conns:32 pool_min_conns:4 sslmode:disable]
I0827 03:47:17.780509       7 env.go:657] [env]/runtime/vault/local/pg.yml[user] = br***ur
I0827 03:47:17.780551       7 env.go:657] [env]/runtime/vault/local/pg.yml[password] = pi***ur
I0827 03:47:17.780591       7 env.go:690] [env]lookup env var "BRINGYOUR_POSTGRES_HOSTNAME"
I0827 03:47:17.780603       7 env.go:657] [env]/runtime/vault/local/pg.yml[authority] = po***32
I0827 03:47:17.780643       7 env.go:657] [env]/runtime/vault/local/pg.yml[db] = br***ur
I0827 03:47:18.119373       7 env.go:755] [env]try /runtime/vault, [pg.yml]
I0827 03:47:18.119499       7 env.go:755] [env]try /runtime/vault/local, [pg.yml]
I0827 03:47:18.119578       7 env.go:755] [env]try /runtime/config, [db.yml]
I0827 03:47:18.119617       7 env.go:755] [env]try /runtime/config/local, [db.yml]
I0827 03:47:18.119779       7 env.go:641] [env]/runtime/config/local/db.yml[min_connections] = 4
I0827 03:47:18.119792       7 env.go:641] [env]/runtime/config/local/db.yml[max_connections] = 16
I0827 03:47:18.119805       7 db.go:193] [db]options = map[connect_timeout:30 pool_health_check_period:1s pool_max_conn_idle_time:60m pool_max_conn_lifetime:8h pool_max_conn_lifetime_jitter:15m pool_max_conns:32 pool_min_conns:4 sslmode:disable]
I0827 03:47:18.119948       7 env.go:657] [env]/runtime/vault/local/pg.yml[user] = br***ur
I0827 03:47:18.119994       7 env.go:657] [env]/runtime/vault/local/pg.yml[password] = pi***ur
I0827 03:47:18.120054       7 env.go:690] [env]lookup env var "BRINGYOUR_POSTGRES_HOSTNAME"
I0827 03:47:18.120069       7 env.go:657] [env]/runtime/vault/local/pg.yml[authority] = po***32
I0827 03:47:18.120101       7 env.go:657] [env]/runtime/vault/local/pg.yml[db] = br***ur
 Container urnetwork-eval-6880c6972b8a46a9b2b821d0efc0842b-candidate-01-runner-run-4c07a6792fc7 Creating 
 Container urnetwork-eval-6880c6972b8a46a9b2b821d0efc0842b-candidate-01-runner-run-4c07a6792fc7 Created 
[official-run] preflight passed: eval=candidate-01-6880c697 build=1315fd8749929656d7cce26a90cb9c2d3f0d73d9 hardware=sille-macpro6-1-single-host
 Container urnetwork-eval-6880c6972b8a46a9b2b821d0efc0842b-candidate-01-runner-1 Creating 
 Container urnetwork-eval-6880c6972b8a46a9b2b821d0efc0842b-candidate-01-runner-1 Created 
 Container urnetwork-eval-6880c6972b8a46a9b2b821d0efc0842b-candidate-01-runner-1 Starting 
 Container urnetwork-eval-6880c6972b8a46a9b2b821d0efc0842b-candidate-01-runner-1 Started 
[official-run] preflight passed: eval=candidate-01-6880c697 build=1315fd8749929656d7cce26a90cb9c2d3f0d73d9 hardware=sille-macpro6-1-single-host
[official-run] starting simulator; artifacts=/artifacts/candidate-01-6880c697
[official-run] simulator complete; the worker must now write immutable accounting.json and resources.json
/artifacts/candidate-01-6880c697
 Container urnetwork-eval-6880c6972b8a46a9b2b821d0efc0842b-candidate-01-runner-1 Stopping 
 Container urnetwork-eval-6880c6972b8a46a9b2b821d0efc0842b-candidate-01-runner-1 Stopped 
 Container urnetwork-eval-6880c6972b8a46a9b2b821d0efc0842b-candidate-01-runner-1 Removing 
 Container urnetwork-eval-6880c6972b8a46a9b2b821d0efc0842b-candidate-01-runner-1 Removed 
 Container urnetwork-eval-6880c6972b8a46a9b2b821d0efc0842b-candidate-01-postgres-1 Stopping 
 Container urnetwork-eval-6880c6972b8a46a9b2b821d0efc0842b-candidate-01-redis-1 Stopping 
 Container urnetwork-eval-6880c6972b8a46a9b2b821d0efc0842b-candidate-01-redis-1 Stopped 
 Container urnetwork-eval-6880c6972b8a46a9b2b821d0efc0842b-candidate-01-redis-1 Removing 
 Container urnetwork-eval-6880c6972b8a46a9b2b821d0efc0842b-candidate-01-redis-1 Removed 
 Container urnetwork-eval-6880c6972b8a46a9b2b821d0efc0842b-candidate-01-postgres-1 Stopped 
 Container urnetwork-eval-6880c6972b8a46a9b2b821d0efc0842b-candidate-01-postgres-1 Removing 
 Container urnetwork-eval-6880c6972b8a46a9b2b821d0efc0842b-candidate-01-postgres-1 Removed 
 Network urnetwork-eval-6880c6972b8a46a9b2b821d0efc0842b-candidate-01_evaluation Removing 
 Network urnetwork-eval-6880c6972b8a46a9b2b821d0efc0842b-candidate-01_evaluation Removed 
[competition-evaluator] candidate-01 complete
 Container urnetwork-eval-6880c6972b8a46a9b2b821d0efc0842b-baseline-score-scorer-1 Creating 
 Container urnetwork-eval-6880c6972b8a46a9b2b821d0efc0842b-baseline-score-scorer-1 Created 
 Container urnetwork-eval-6880c6972b8a46a9b2b821d0efc0842b-baseline-score-scorer-1 Starting 
 Container urnetwork-eval-6880c6972b8a46a9b2b821d0efc0842b-baseline-score-scorer-1 Started 
[env]glog not configured from command line. Using default configuration.
I0827 03:55:39.425353      16 env.go:755] [env]try /srv/warp/config, [settings.yml]
I0827 03:55:39.425457      16 env.go:755] [env]try /srv/warp/site, [settings.yml]
I0827 03:55:39.425475      16 env.go:68] [env]settings = map[]
[official-run] baseline manifest written: /score-output/baseline.json sha256=a90b0ed325d7c797f7bf0786664dea328e98b92411e774e28aaa8fcd3be66a2f
 Container urnetwork-eval-6880c6972b8a46a9b2b821d0efc0842b-baseline-score-scorer-1 Stopping 
 Container urnetwork-eval-6880c6972b8a46a9b2b821d0efc0842b-baseline-score-scorer-1 Stopped 
 Container urnetwork-eval-6880c6972b8a46a9b2b821d0efc0842b-baseline-score-scorer-1 Removing 
 Container urnetwork-eval-6880c6972b8a46a9b2b821d0efc0842b-baseline-score-scorer-1 Removed 
 Container urnetwork-eval-6880c6972b8a46a9b2b821d0efc0842b-candidate-score-scorer-1 Creating 
 Container urnetwork-eval-6880c6972b8a46a9b2b821d0efc0842b-candidate-score-scorer-1 Created 
 Container urnetwork-eval-6880c6972b8a46a9b2b821d0efc0842b-candidate-score-scorer-1 Starting 
 Container urnetwork-eval-6880c6972b8a46a9b2b821d0efc0842b-candidate-score-scorer-1 Started 
[env]glog not configured from command line. Using default configuration.
I0827 03:55:41.264409      19 env.go:755] [env]try /srv/warp/config, [settings.yml]
I0827 03:55:41.264513      19 env.go:755] [env]try /srv/warp/site, [settings.yml]
I0827 03:55:41.264530      19 env.go:68] [env]settings = map[]
[official-run] score written to /score-output/score.json
 Container urnetwork-eval-6880c6972b8a46a9b2b821d0efc0842b-candidate-score-scorer-1 Stopping 
 Container urnetwork-eval-6880c6972b8a46a9b2b821d0efc0842b-candidate-score-scorer-1 Stopped 
 Container urnetwork-eval-6880c6972b8a46a9b2b821d0efc0842b-candidate-score-scorer-1 Removing 
 Container urnetwork-eval-6880c6972b8a46a9b2b821d0efc0842b-candidate-score-scorer-1 Removed 
[competition-evaluator] evaluation complete: job=6880c697-2b8a-46a9-b2b8-21d0efc0842b candidate=1315fd8749929656d7cce26a90cb9c2d3f0d73d9
