[competition-evaluator] building authenticated candidate image offline
 Network urnetwork-eval-70d2db591e794d46ba2d9501d6779cba-baseline-01_evaluation Creating 
 Network urnetwork-eval-70d2db591e794d46ba2d9501d6779cba-baseline-01_evaluation Creating 
 Network urnetwork-eval-70d2db591e794d46ba2d9501d6779cba-baseline-01_evaluation Created 
 Network urnetwork-eval-70d2db591e794d46ba2d9501d6779cba-baseline-01_evaluation Created 
 Container urnetwork-eval-70d2db591e794d46ba2d9501d6779cba-baseline-01-redis-1 Creating 
 Container urnetwork-eval-70d2db591e794d46ba2d9501d6779cba-baseline-01-postgres-1 Creating 
 Container urnetwork-eval-70d2db591e794d46ba2d9501d6779cba-baseline-01-redis-1 Created 
 Container urnetwork-eval-70d2db591e794d46ba2d9501d6779cba-baseline-01-postgres-1 Created 
 Container urnetwork-eval-70d2db591e794d46ba2d9501d6779cba-baseline-01-redis-1 Starting 
 Container urnetwork-eval-70d2db591e794d46ba2d9501d6779cba-baseline-01-postgres-1 Starting 
 Container urnetwork-eval-70d2db591e794d46ba2d9501d6779cba-baseline-01-redis-1 Started 
 Container urnetwork-eval-70d2db591e794d46ba2d9501d6779cba-baseline-01-postgres-1 Started 
 Container urnetwork-eval-70d2db591e794d46ba2d9501d6779cba-baseline-01-postgres-1 Waiting 
 Container urnetwork-eval-70d2db591e794d46ba2d9501d6779cba-baseline-01-redis-1 Waiting 
 Container urnetwork-eval-70d2db591e794d46ba2d9501d6779cba-baseline-01-postgres-1 Healthy 
 Container urnetwork-eval-70d2db591e794d46ba2d9501d6779cba-baseline-01-redis-1 Healthy 
 Container urnetwork-eval-70d2db591e794d46ba2d9501d6779cba-baseline-01-migrate-run-ad6319b6aad5 Creating 
 Container urnetwork-eval-70d2db591e794d46ba2d9501d6779cba-baseline-01-migrate-run-ad6319b6aad5 Created 
[env]glog not configured from command line. Using default configuration.
I0827 20:09:35.621054       7 env.go:755] [env]try /runtime/config, [settings.yml]
I0827 20:09:35.621219       7 env.go:755] [env]try /runtime/config/local, [settings.yml]
I0827 20:09:35.621631       7 env.go:755] [env]try /runtime/site, [settings.yml]
I0827 20:09:35.621655       7 env.go:68] [env]settings = map[]
I0827 20:09:35.622021       7 env.go:755] [env]try /runtime/vault, [pg.yml]
I0827 20:09:35.622065       7 env.go:755] [env]try /runtime/vault/local, [pg.yml]
I0827 20:09:35.622142       7 env.go:755] [env]try /runtime/vault, [pg_maintenance.yml]
I0827 20:09:35.622187       7 env.go:755] [env]try /runtime/vault/local, [pg_maintenance.yml]
I0827 20:09:35.622267       7 env.go:755] [env]try /runtime/config, [db.yml]
I0827 20:09:35.622311       7 env.go:755] [env]try /runtime/config/local, [db.yml]
I0827 20:09:35.622377       7 env.go:755] [env]try /runtime/config, [db_maintenance.yml]
I0827 20:09:35.622411       7 env.go:755] [env]try /runtime/config/local, [db_maintenance.yml]
I0827 20:09:35.622522       7 env.go:641] [env]/runtime/config/local/db.yml[min_connections] = 4
I0827 20:09:35.622534       7 env.go:641] [env]/runtime/config/local/db.yml[max_connections] = 16
I0827 20:09:35.622565       7 db.go:193] [db]options = map[connect_timeout:30 pool_health_check_period:1s pool_max_conn_idle_time:60m pool_max_conn_lifetime:8h pool_max_conn_lifetime_jitter:15m pool_max_conns:32 pool_min_conns:4 sslmode:disable]
I0827 20:09:35.622729       7 env.go:657] [env]/runtime/vault/local/pg.yml[user] = br***ur
I0827 20:09:35.622769       7 env.go:657] [env]/runtime/vault/local/pg.yml[password] = pi***ur
I0827 20:09:35.622812       7 env.go:690] [env]lookup env var "BRINGYOUR_POSTGRES_HOSTNAME"
I0827 20:09:35.622823       7 env.go:657] [env]/runtime/vault/local/pg.yml[authority] = po***32
I0827 20:09:35.622860       7 env.go:657] [env]/runtime/vault/local/pg.yml[db] = br***ur
I0827 20:09:35.949765       7 env.go:755] [env]try /runtime/vault, [pg.yml]
I0827 20:09:35.949873       7 env.go:755] [env]try /runtime/vault/local, [pg.yml]
I0827 20:09:35.949953       7 env.go:755] [env]try /runtime/config, [db.yml]
I0827 20:09:35.949993       7 env.go:755] [env]try /runtime/config/local, [db.yml]
I0827 20:09:35.950154       7 env.go:641] [env]/runtime/config/local/db.yml[min_connections] = 4
I0827 20:09:35.950178       7 env.go:641] [env]/runtime/config/local/db.yml[max_connections] = 16
I0827 20:09:35.950193       7 db.go:193] [db]options = map[connect_timeout:30 pool_health_check_period:1s pool_max_conn_idle_time:60m pool_max_conn_lifetime:8h pool_max_conn_lifetime_jitter:15m pool_max_conns:32 pool_min_conns:4 sslmode:disable]
I0827 20:09:35.950347       7 env.go:657] [env]/runtime/vault/local/pg.yml[user] = br***ur
I0827 20:09:35.950382       7 env.go:657] [env]/runtime/vault/local/pg.yml[password] = pi***ur
I0827 20:09:35.950432       7 env.go:690] [env]lookup env var "BRINGYOUR_POSTGRES_HOSTNAME"
I0827 20:09:35.950446       7 env.go:657] [env]/runtime/vault/local/pg.yml[authority] = po***32
I0827 20:09:35.950472       7 env.go:657] [env]/runtime/vault/local/pg.yml[db] = br***ur
 Container urnetwork-eval-70d2db591e794d46ba2d9501d6779cba-baseline-01-runner-run-39484a319a74 Creating 
 Container urnetwork-eval-70d2db591e794d46ba2d9501d6779cba-baseline-01-runner-run-39484a319a74 Created 
[official-run] preflight passed: eval=baseline-01-70d2db59 build=5ca3d5242f4a7d40efe4415635608023b05a0956 hardware=sille-macpro6-1-single-host
 Container urnetwork-eval-70d2db591e794d46ba2d9501d6779cba-baseline-01-runner-1 Creating 
 Container urnetwork-eval-70d2db591e794d46ba2d9501d6779cba-baseline-01-runner-1 Created 
 Container urnetwork-eval-70d2db591e794d46ba2d9501d6779cba-baseline-01-runner-1 Starting 
 Container urnetwork-eval-70d2db591e794d46ba2d9501d6779cba-baseline-01-runner-1 Started 
[official-run] preflight passed: eval=baseline-01-70d2db59 build=5ca3d5242f4a7d40efe4415635608023b05a0956 hardware=sille-macpro6-1-single-host
[official-run] starting simulator; artifacts=/artifacts/baseline-01-70d2db59
[official-run] simulator complete; the worker must now write immutable accounting.json and resources.json
/artifacts/baseline-01-70d2db59
 Container urnetwork-eval-70d2db591e794d46ba2d9501d6779cba-baseline-01-runner-1 Stopping 
 Container urnetwork-eval-70d2db591e794d46ba2d9501d6779cba-baseline-01-runner-1 Stopped 
 Container urnetwork-eval-70d2db591e794d46ba2d9501d6779cba-baseline-01-runner-1 Removing 
 Container urnetwork-eval-70d2db591e794d46ba2d9501d6779cba-baseline-01-runner-1 Removed 
 Container urnetwork-eval-70d2db591e794d46ba2d9501d6779cba-baseline-01-postgres-1 Stopping 
 Container urnetwork-eval-70d2db591e794d46ba2d9501d6779cba-baseline-01-redis-1 Stopping 
 Container urnetwork-eval-70d2db591e794d46ba2d9501d6779cba-baseline-01-redis-1 Stopped 
 Container urnetwork-eval-70d2db591e794d46ba2d9501d6779cba-baseline-01-redis-1 Removing 
 Container urnetwork-eval-70d2db591e794d46ba2d9501d6779cba-baseline-01-redis-1 Removed 
 Container urnetwork-eval-70d2db591e794d46ba2d9501d6779cba-baseline-01-postgres-1 Stopped 
 Container urnetwork-eval-70d2db591e794d46ba2d9501d6779cba-baseline-01-postgres-1 Removing 
 Container urnetwork-eval-70d2db591e794d46ba2d9501d6779cba-baseline-01-postgres-1 Removed 
 Network urnetwork-eval-70d2db591e794d46ba2d9501d6779cba-baseline-01_evaluation Removing 
 Network urnetwork-eval-70d2db591e794d46ba2d9501d6779cba-baseline-01_evaluation Removed 
[competition-evaluator] baseline-01 complete
 Network urnetwork-eval-70d2db591e794d46ba2d9501d6779cba-candidate-01_evaluation Creating 
 Network urnetwork-eval-70d2db591e794d46ba2d9501d6779cba-candidate-01_evaluation Creating 
 Network urnetwork-eval-70d2db591e794d46ba2d9501d6779cba-candidate-01_evaluation Created 
 Network urnetwork-eval-70d2db591e794d46ba2d9501d6779cba-candidate-01_evaluation Created 
 Container urnetwork-eval-70d2db591e794d46ba2d9501d6779cba-candidate-01-redis-1 Creating 
 Container urnetwork-eval-70d2db591e794d46ba2d9501d6779cba-candidate-01-postgres-1 Creating 
 Container urnetwork-eval-70d2db591e794d46ba2d9501d6779cba-candidate-01-redis-1 Created 
 Container urnetwork-eval-70d2db591e794d46ba2d9501d6779cba-candidate-01-postgres-1 Created 
 Container urnetwork-eval-70d2db591e794d46ba2d9501d6779cba-candidate-01-redis-1 Starting 
 Container urnetwork-eval-70d2db591e794d46ba2d9501d6779cba-candidate-01-postgres-1 Starting 
 Container urnetwork-eval-70d2db591e794d46ba2d9501d6779cba-candidate-01-redis-1 Started 
 Container urnetwork-eval-70d2db591e794d46ba2d9501d6779cba-candidate-01-postgres-1 Started 
 Container urnetwork-eval-70d2db591e794d46ba2d9501d6779cba-candidate-01-postgres-1 Waiting 
 Container urnetwork-eval-70d2db591e794d46ba2d9501d6779cba-candidate-01-redis-1 Waiting 
 Container urnetwork-eval-70d2db591e794d46ba2d9501d6779cba-candidate-01-redis-1 Healthy 
 Container urnetwork-eval-70d2db591e794d46ba2d9501d6779cba-candidate-01-postgres-1 Healthy 
 Container urnetwork-eval-70d2db591e794d46ba2d9501d6779cba-candidate-01-migrate-run-fedcc4671115 Creating 
 Container urnetwork-eval-70d2db591e794d46ba2d9501d6779cba-candidate-01-migrate-run-fedcc4671115 Created 
[env]glog not configured from command line. Using default configuration.
I0827 20:18:09.527901       7 env.go:755] [env]try /runtime/config, [settings.yml]
I0827 20:18:09.528060       7 env.go:755] [env]try /runtime/config/local, [settings.yml]
I0827 20:18:09.528432       7 env.go:755] [env]try /runtime/site, [settings.yml]
I0827 20:18:09.528457       7 env.go:68] [env]settings = map[]
I0827 20:18:09.528831       7 env.go:755] [env]try /runtime/vault, [pg.yml]
I0827 20:18:09.528877       7 env.go:755] [env]try /runtime/vault/local, [pg.yml]
I0827 20:18:09.528949       7 env.go:755] [env]try /runtime/vault, [pg_maintenance.yml]
I0827 20:18:09.528987       7 env.go:755] [env]try /runtime/vault/local, [pg_maintenance.yml]
I0827 20:18:09.529067       7 env.go:755] [env]try /runtime/config, [db.yml]
I0827 20:18:09.529113       7 env.go:755] [env]try /runtime/config/local, [db.yml]
I0827 20:18:09.529189       7 env.go:755] [env]try /runtime/config, [db_maintenance.yml]
I0827 20:18:09.529228       7 env.go:755] [env]try /runtime/config/local, [db_maintenance.yml]
I0827 20:18:09.529339       7 env.go:641] [env]/runtime/config/local/db.yml[min_connections] = 4
I0827 20:18:09.529353       7 env.go:641] [env]/runtime/config/local/db.yml[max_connections] = 16
I0827 20:18:09.529384       7 db.go:193] [db]options = map[connect_timeout:30 pool_health_check_period:1s pool_max_conn_idle_time:60m pool_max_conn_lifetime:8h pool_max_conn_lifetime_jitter:15m pool_max_conns:32 pool_min_conns:4 sslmode:disable]
I0827 20:18:09.529550       7 env.go:657] [env]/runtime/vault/local/pg.yml[user] = br***ur
I0827 20:18:09.529592       7 env.go:657] [env]/runtime/vault/local/pg.yml[password] = pi***ur
I0827 20:18:09.529636       7 env.go:690] [env]lookup env var "BRINGYOUR_POSTGRES_HOSTNAME"
I0827 20:18:09.529648       7 env.go:657] [env]/runtime/vault/local/pg.yml[authority] = po***32
I0827 20:18:09.529683       7 env.go:657] [env]/runtime/vault/local/pg.yml[db] = br***ur
I0827 20:18:09.864201       7 env.go:755] [env]try /runtime/vault, [pg.yml]
I0827 20:18:09.864309       7 env.go:755] [env]try /runtime/vault/local, [pg.yml]
I0827 20:18:09.864388       7 env.go:755] [env]try /runtime/config, [db.yml]
I0827 20:18:09.864426       7 env.go:755] [env]try /runtime/config/local, [db.yml]
I0827 20:18:09.864585       7 env.go:641] [env]/runtime/config/local/db.yml[min_connections] = 4
I0827 20:18:09.864598       7 env.go:641] [env]/runtime/config/local/db.yml[max_connections] = 16
I0827 20:18:09.864611       7 db.go:193] [db]options = map[connect_timeout:30 pool_health_check_period:1s pool_max_conn_idle_time:60m pool_max_conn_lifetime:8h pool_max_conn_lifetime_jitter:15m pool_max_conns:32 pool_min_conns:4 sslmode:disable]
I0827 20:18:09.864761       7 env.go:657] [env]/runtime/vault/local/pg.yml[user] = br***ur
I0827 20:18:09.864804       7 env.go:657] [env]/runtime/vault/local/pg.yml[password] = pi***ur
I0827 20:18:09.864871       7 env.go:690] [env]lookup env var "BRINGYOUR_POSTGRES_HOSTNAME"
I0827 20:18:09.864886       7 env.go:657] [env]/runtime/vault/local/pg.yml[authority] = po***32
I0827 20:18:09.864919       7 env.go:657] [env]/runtime/vault/local/pg.yml[db] = br***ur
 Container urnetwork-eval-70d2db591e794d46ba2d9501d6779cba-candidate-01-runner-run-112a65f17987 Creating 
 Container urnetwork-eval-70d2db591e794d46ba2d9501d6779cba-candidate-01-runner-run-112a65f17987 Created 
[official-run] preflight passed: eval=candidate-01-70d2db59 build=6a588277b23c56a9641ed8bb46214fb0c148ea6d hardware=sille-macpro6-1-single-host
 Container urnetwork-eval-70d2db591e794d46ba2d9501d6779cba-candidate-01-runner-1 Creating 
 Container urnetwork-eval-70d2db591e794d46ba2d9501d6779cba-candidate-01-runner-1 Created 
 Container urnetwork-eval-70d2db591e794d46ba2d9501d6779cba-candidate-01-runner-1 Starting 
 Container urnetwork-eval-70d2db591e794d46ba2d9501d6779cba-candidate-01-runner-1 Started 
[official-run] preflight passed: eval=candidate-01-70d2db59 build=6a588277b23c56a9641ed8bb46214fb0c148ea6d hardware=sille-macpro6-1-single-host
[official-run] starting simulator; artifacts=/artifacts/candidate-01-70d2db59
/artifacts/candidate-01-70d2db59
[official-run] simulator complete; the worker must now write immutable accounting.json and resources.json
 Container urnetwork-eval-70d2db591e794d46ba2d9501d6779cba-candidate-01-runner-1 Stopping 
 Container urnetwork-eval-70d2db591e794d46ba2d9501d6779cba-candidate-01-runner-1 Stopped 
 Container urnetwork-eval-70d2db591e794d46ba2d9501d6779cba-candidate-01-runner-1 Removing 
 Container urnetwork-eval-70d2db591e794d46ba2d9501d6779cba-candidate-01-runner-1 Removed 
 Container urnetwork-eval-70d2db591e794d46ba2d9501d6779cba-candidate-01-postgres-1 Stopping 
 Container urnetwork-eval-70d2db591e794d46ba2d9501d6779cba-candidate-01-redis-1 Stopping 
 Container urnetwork-eval-70d2db591e794d46ba2d9501d6779cba-candidate-01-redis-1 Stopped 
 Container urnetwork-eval-70d2db591e794d46ba2d9501d6779cba-candidate-01-redis-1 Removing 
 Container urnetwork-eval-70d2db591e794d46ba2d9501d6779cba-candidate-01-redis-1 Removed 
 Container urnetwork-eval-70d2db591e794d46ba2d9501d6779cba-candidate-01-postgres-1 Stopped 
 Container urnetwork-eval-70d2db591e794d46ba2d9501d6779cba-candidate-01-postgres-1 Removing 
 Container urnetwork-eval-70d2db591e794d46ba2d9501d6779cba-candidate-01-postgres-1 Removed 
 Network urnetwork-eval-70d2db591e794d46ba2d9501d6779cba-candidate-01_evaluation Removing 
 Network urnetwork-eval-70d2db591e794d46ba2d9501d6779cba-candidate-01_evaluation Removed 
[competition-evaluator] candidate-01 complete
 Container urnetwork-eval-70d2db591e794d46ba2d9501d6779cba-baseline-score-scorer-1 Creating 
 Container urnetwork-eval-70d2db591e794d46ba2d9501d6779cba-baseline-score-scorer-1 Created 
 Container urnetwork-eval-70d2db591e794d46ba2d9501d6779cba-baseline-score-scorer-1 Starting 
 Container urnetwork-eval-70d2db591e794d46ba2d9501d6779cba-baseline-score-scorer-1 Started 
[env]glog not configured from command line. Using default configuration.
I0827 20:26:45.308948      16 env.go:755] [env]try /srv/warp/config, [settings.yml]
I0827 20:26:45.309055      16 env.go:755] [env]try /srv/warp/site, [settings.yml]
I0827 20:26:45.309073      16 env.go:68] [env]settings = map[]
[official-run] baseline manifest written: /score-output/baseline.json sha256=980e14c51abf7ab92a81f21d79e58fdfebb2ece5fa9d3022c9c9b066fc016e0e
 Container urnetwork-eval-70d2db591e794d46ba2d9501d6779cba-baseline-score-scorer-1 Stopping 
 Container urnetwork-eval-70d2db591e794d46ba2d9501d6779cba-baseline-score-scorer-1 Stopped 
 Container urnetwork-eval-70d2db591e794d46ba2d9501d6779cba-baseline-score-scorer-1 Removing 
 Container urnetwork-eval-70d2db591e794d46ba2d9501d6779cba-baseline-score-scorer-1 Removed 
 Container urnetwork-eval-70d2db591e794d46ba2d9501d6779cba-candidate-score-scorer-1 Creating 
 Container urnetwork-eval-70d2db591e794d46ba2d9501d6779cba-candidate-score-scorer-1 Created 
 Container urnetwork-eval-70d2db591e794d46ba2d9501d6779cba-candidate-score-scorer-1 Starting 
 Container urnetwork-eval-70d2db591e794d46ba2d9501d6779cba-candidate-score-scorer-1 Started 
[env]glog not configured from command line. Using default configuration.
I0827 20:26:47.163300      19 env.go:755] [env]try /srv/warp/config, [settings.yml]
I0827 20:26:47.163417      19 env.go:755] [env]try /srv/warp/site, [settings.yml]
I0827 20:26:47.163436      19 env.go:68] [env]settings = map[]
[official-run] score written to /score-output/score.json
 Container urnetwork-eval-70d2db591e794d46ba2d9501d6779cba-candidate-score-scorer-1 Stopping 
 Container urnetwork-eval-70d2db591e794d46ba2d9501d6779cba-candidate-score-scorer-1 Stopped 
 Container urnetwork-eval-70d2db591e794d46ba2d9501d6779cba-candidate-score-scorer-1 Removing 
 Container urnetwork-eval-70d2db591e794d46ba2d9501d6779cba-candidate-score-scorer-1 Removed 
[competition-evaluator] evaluation complete: job=70d2db59-1e79-4d46-ba2d-9501d6779cba candidate=6a588277b23c56a9641ed8bb46214fb0c148ea6d
